Archive member included because of file (symbol)

C:/Users/Francisco/Desktop/DE2_70_D5M_NIOS/Eclipse/Software/DE2_70_D5M_bsp/\libhal_bsp.a(alt_load.o)
                              C:/Users/Francisco/Desktop/DE2_70_D5M_NIOS/Eclipse/Software/DE2_70_D5M_bsp//obj/HAL/src/crt0.o (alt_load)
C:/Users/Francisco/Desktop/DE2_70_D5M_NIOS/Eclipse/Software/DE2_70_D5M_bsp/\libhal_bsp.a(alt_main.o)
                              C:/Users/Francisco/Desktop/DE2_70_D5M_NIOS/Eclipse/Software/DE2_70_D5M_bsp//obj/HAL/src/crt0.o (alt_main)
C:/Users/Francisco/Desktop/DE2_70_D5M_NIOS/Eclipse/Software/DE2_70_D5M_bsp/\libhal_bsp.a(alt_sys_init.o)
                              C:/Users/Francisco/Desktop/DE2_70_D5M_NIOS/Eclipse/Software/DE2_70_D5M_bsp/\libhal_bsp.a(alt_main.o) (alt_irq_init)
C:/Users/Francisco/Desktop/DE2_70_D5M_NIOS/Eclipse/Software/DE2_70_D5M_bsp/\libhal_bsp.a(altera_avalon_jtag_uart_fd.o)
                              C:/Users/Francisco/Desktop/DE2_70_D5M_NIOS/Eclipse/Software/DE2_70_D5M_bsp/\libhal_bsp.a(alt_sys_init.o) (altera_avalon_jtag_uart_read_fd)
C:/Users/Francisco/Desktop/DE2_70_D5M_NIOS/Eclipse/Software/DE2_70_D5M_bsp/\libhal_bsp.a(altera_avalon_jtag_uart_init.o)
                              C:/Users/Francisco/Desktop/DE2_70_D5M_NIOS/Eclipse/Software/DE2_70_D5M_bsp/\libhal_bsp.a(alt_sys_init.o) (altera_avalon_jtag_uart_init)
C:/Users/Francisco/Desktop/DE2_70_D5M_NIOS/Eclipse/Software/DE2_70_D5M_bsp/\libhal_bsp.a(altera_avalon_jtag_uart_ioctl.o)
                              C:/Users/Francisco/Desktop/DE2_70_D5M_NIOS/Eclipse/Software/DE2_70_D5M_bsp/\libhal_bsp.a(altera_avalon_jtag_uart_fd.o) (altera_avalon_jtag_uart_ioctl)
C:/Users/Francisco/Desktop/DE2_70_D5M_NIOS/Eclipse/Software/DE2_70_D5M_bsp/\libhal_bsp.a(altera_avalon_jtag_uart_read.o)
                              C:/Users/Francisco/Desktop/DE2_70_D5M_NIOS/Eclipse/Software/DE2_70_D5M_bsp/\libhal_bsp.a(altera_avalon_jtag_uart_fd.o) (altera_avalon_jtag_uart_read)
C:/Users/Francisco/Desktop/DE2_70_D5M_NIOS/Eclipse/Software/DE2_70_D5M_bsp/\libhal_bsp.a(altera_avalon_jtag_uart_write.o)
                              C:/Users/Francisco/Desktop/DE2_70_D5M_NIOS/Eclipse/Software/DE2_70_D5M_bsp/\libhal_bsp.a(altera_avalon_jtag_uart_fd.o) (altera_avalon_jtag_uart_write)
C:/Users/Francisco/Desktop/DE2_70_D5M_NIOS/Eclipse/Software/DE2_70_D5M_bsp/\libhal_bsp.a(alt_alarm_start.o)
                              C:/Users/Francisco/Desktop/DE2_70_D5M_NIOS/Eclipse/Software/DE2_70_D5M_bsp/\libhal_bsp.a(altera_avalon_jtag_uart_init.o) (alt_alarm_start)
C:/Users/Francisco/Desktop/DE2_70_D5M_NIOS/Eclipse/Software/DE2_70_D5M_bsp/\libhal_bsp.a(alt_close.o)
                              C:/Users/Francisco/Desktop/DE2_70_D5M_NIOS/Eclipse/Software/DE2_70_D5M_bsp/\libhal_bsp.a(alt_main.o) (close)
C:/Users/Francisco/Desktop/DE2_70_D5M_NIOS/Eclipse/Software/DE2_70_D5M_bsp/\libhal_bsp.a(alt_dcache_flush_all.o)
                              C:/Users/Francisco/Desktop/DE2_70_D5M_NIOS/Eclipse/Software/DE2_70_D5M_bsp/\libhal_bsp.a(alt_load.o) (alt_dcache_flush_all)
C:/Users/Francisco/Desktop/DE2_70_D5M_NIOS/Eclipse/Software/DE2_70_D5M_bsp/\libhal_bsp.a(alt_dev.o)
                              C:/Users/Francisco/Desktop/DE2_70_D5M_NIOS/Eclipse/Software/DE2_70_D5M_bsp/\libhal_bsp.a(alt_sys_init.o) (alt_dev_list)
C:/Users/Francisco/Desktop/DE2_70_D5M_NIOS/Eclipse/Software/DE2_70_D5M_bsp/\libhal_bsp.a(alt_dev_llist_insert.o)
                              C:/Users/Francisco/Desktop/DE2_70_D5M_NIOS/Eclipse/Software/DE2_70_D5M_bsp/\libhal_bsp.a(alt_sys_init.o) (alt_dev_llist_insert)
C:/Users/Francisco/Desktop/DE2_70_D5M_NIOS/Eclipse/Software/DE2_70_D5M_bsp/\libhal_bsp.a(alt_do_ctors.o)
                              C:/Users/Francisco/Desktop/DE2_70_D5M_NIOS/Eclipse/Software/DE2_70_D5M_bsp/\libhal_bsp.a(alt_main.o) (_do_ctors)
C:/Users/Francisco/Desktop/DE2_70_D5M_NIOS/Eclipse/Software/DE2_70_D5M_bsp/\libhal_bsp.a(alt_do_dtors.o)
                              C:/Users/Francisco/Desktop/DE2_70_D5M_NIOS/Eclipse/Software/DE2_70_D5M_bsp/\libhal_bsp.a(alt_main.o) (_do_dtors)
C:/Users/Francisco/Desktop/DE2_70_D5M_NIOS/Eclipse/Software/DE2_70_D5M_bsp/\libhal_bsp.a(alt_errno.o)
                              C:/Users/Francisco/Desktop/DE2_70_D5M_NIOS/Eclipse/Software/DE2_70_D5M_bsp/\libhal_bsp.a(alt_close.o) (alt_errno)
C:/Users/Francisco/Desktop/DE2_70_D5M_NIOS/Eclipse/Software/DE2_70_D5M_bsp/\libhal_bsp.a(alt_icache_flush_all.o)
                              C:/Users/Francisco/Desktop/DE2_70_D5M_NIOS/Eclipse/Software/DE2_70_D5M_bsp/\libhal_bsp.a(alt_load.o) (alt_icache_flush_all)
C:/Users/Francisco/Desktop/DE2_70_D5M_NIOS/Eclipse/Software/DE2_70_D5M_bsp/\libhal_bsp.a(alt_iic.o)
                              C:/Users/Francisco/Desktop/DE2_70_D5M_NIOS/Eclipse/Software/DE2_70_D5M_bsp/\libhal_bsp.a(altera_avalon_jtag_uart_init.o) (alt_ic_isr_register)
C:/Users/Francisco/Desktop/DE2_70_D5M_NIOS/Eclipse/Software/DE2_70_D5M_bsp/\libhal_bsp.a(alt_iic_isr_register.o)
[...]
Memory Configuration

Name             Origin             Length             Attributes
onchip_memory    0x00201000         0x00001000
reset            0x04000000         0x00000020
sdram            0x04000020         0x01ffffe0
*default*        0x00000000         0xffffffff

Linker script and memory map

LOAD C:/Users/Francisco/Desktop/DE2_70_D5M_NIOS/Eclipse/Software/DE2_70_D5M_bsp//obj/HAL/src/crt0.o
LOAD obj/default/main.o
LOAD c:/altera/13.0sp1/nios2eds/bin/gnu/h-i686-mingw32/bin/../lib/gcc/nios2-elf/4.1.2/../../../../nios2-elf/lib/mno-hw-mul\libstdc++.a
LOAD c:/altera/13.0sp1/nios2eds/bin/gnu/h-i686-mingw32/bin/../lib/gcc/nios2-elf/4.1.2/../../../../nios2-elf/lib/mno-hw-mul\libm.a
LOAD c:/altera/13.0sp1/nios2eds/bin/gnu/h-i686-mingw32/bin/../lib/gcc/nios2-elf/4.1.2/mno-hw-mul\libgcc.a
START GROUP
LOAD c:/altera/13.0sp1/nios2eds/bin/gnu/h-i686-mingw32/bin/../lib/gcc/nios2-elf/4.1.2/../../../../nios2-elf/lib/mno-hw-mul\libc.a
LOAD c:/altera/13.0sp1/nios2eds/bin/gnu/h-i686-mingw32/bin/../lib/gcc/nios2-elf/4.1.2/mno-hw-mul\libgcc.a
LOAD C:/Users/Francisco/Desktop/DE2_70_D5M_NIOS/Eclipse/Software/DE2_70_D5M_bsp/\libhal_bsp.a
END GROUP
LOAD c:/altera/13.0sp1/nios2eds/bin/gnu/h-i686-mingw32/bin/../lib/gcc/nios2-elf/4.1.2/mno-hw-mul\libgcc.a
                0x00201000                __alt_mem_onchip_memory = 0x201000
                0x04000000                __alt_mem_sdram = 0x4000000

.entry          0x04000000       0x20
 *(.entry)
 .entry         0x04000000       0x20 C:/Users/Francisco/Desktop/DE2_70_D5M_NIOS/Eclipse/Software/DE2_70_D5M_bsp//obj/HAL/src/crt0.o
                0x04000000                __reset

.exceptions     0x04000020      0x194
                0x04000020                PROVIDE (__ram_exceptions_start, ABSOLUTE (.))
                0x04000020                . = ALIGN (0x20)
 *(.irq)
 *(.exceptions.entry.label)
 .exceptions.entry.label
                0x04000020        0x0 C:/Users/Francisco/Desktop/DE2_70_D5M_NIOS/Eclipse/Software/DE2_70_D5M_bsp/\libhal_bsp.a(alt_irq_entry.o)
                0x04000020                alt_irq_entry
 .exceptions.entry.label
                0x04000020        0x0 C:/Users/Francisco/Desktop/DE2_70_D5M_NIOS/Eclipse/Software/DE2_70_D5M_bsp/\libhal_bsp.a(alt_exception_entry.o)
                0x04000020                alt_exception
 *(.exceptions.entry.user)
 *(.exceptions.entry)
 .exceptions.entry
                0x04000020       0x54 C:/Users/Francisco/Desktop/DE2_70_D5M_NIOS/Eclipse/Software/DE2_70_D5M_bsp/\libhal_bsp.a(alt_exception_entry.o)
 *(.exceptions.irqtest.user)
 *(.exceptions.irqtest)
 .exceptions.irqtest
                0x04000074       0x10 C:/Users/Francisco/Desktop/DE2_70_D5M_NIOS/Eclipse/Software/DE2_70_D5M_bsp/\libhal_bsp.a(alt_irq_entry.o)
 *(.exceptions.irqhandler.user)
 *(.exceptions.irqhandler)
 .exceptions.irqhandler
                0x04000084        0x4 C:/Users/Francisco/Desktop/DE2_70_D5M_NIOS/Eclipse/Software/DE2_70_D5M_bsp/\libhal_bsp.a(alt_irq_entry.o)
 *(.exceptions.irqreturn.user)
 *(.exceptions.irqreturn)
 .exceptions.irqreturn
                0x04000088        0x4 C:/Users/Francisco/Desktop/DE2_70_D5M_NIOS/Eclipse/Software/DE2_70_D5M_bsp/\libhal_bsp.a(alt_irq_entry.o)
 *(.exceptions.notirq.label)
 .exceptions.notirq.label
                0x0400008c        0x0 C:/Users/Francisco/Desktop/DE2_70_D5M_NIOS/Eclipse/Software/DE2_70_D5M_bsp/\libhal_bsp.a(alt_irq_entry.o)
 *(.exceptions.notirq.user)
 *(.exceptions.notirq)
 .exceptions.notirq
                0x0400008c        0x8 C:/Users/Francisco/Desktop/DE2_70_D5M_NIOS/Eclipse/Software/DE2_70_D5M_bsp/\libhal_bsp.a(alt_exception_entry.o)
 *(.exceptions.soft.user)
 *(.exceptions.soft)
 *(.exceptions.unknown.user)
 *(.exceptions.unknown)
 .exceptions.unknown
                0x04000094        0x4 C:/Users/Francisco/Desktop/DE2_70_D5M_NIOS/Eclipse/Software/DE2_70_D5M_bsp/\libhal_bsp.a(alt_exception_entry.o)
 *(.exceptions.exit.label)
 .exceptions.exit.label
                0x04000098        0x0 C:/Users/Francisco/Desktop/DE2_70_D5M_NIOS/Eclipse/Software/DE2_70_D5M_bsp/\libhal_bsp.a(alt_irq_entry.o)
 .exceptions.exit.label
                0x04000098        0x0 C:/Users/Francisco/Desktop/DE2_70_D5M_NIOS/Eclipse/Software/DE2_70_D5M_bsp/\libhal_bsp.a(alt_exception_entry.o)
 *(.exceptions.exit.user)
 *(.exceptions.exit)
 .exceptions.exit
                0x04000098       0x54 C:/Users/Francisco/Desktop/DE2_70_D5M_NIOS/Eclipse/Software/DE2_70_D5M_bsp/\libhal_bsp.a(alt_exception_entry.o)
 *(.exceptions)
 .exceptions    0x040000ec       0xc8 C:/Users/Francisco/Desktop/DE2_70_D5M_NIOS/Eclipse/Software/DE2_70_D5M_bsp/\libhal_bsp.a(alt_irq_handler.o)
                0x040000ec                alt_irq_handler
                0x040001b4                PROVIDE (__ram_exceptions_end, ABSOLUTE (.))
                0x04000020                PROVIDE (__flash_exceptions_start, LOADADDR (.exceptions))

.text           0x040001b4     0x2618
                0x040001b4                PROVIDE (stext, ABSOLUTE (.))
 *(.interp)
 *(.hash)
 *(.dynsym)
 *(.dynstr)
 *(.gnu.version)
 *(.gnu.version_d)
 *(.gnu.version_r)
 *(.rel.init)
 *(.rela.init)
 *(.rel.text .rel.text.* .rel.gnu.linkonce.t.*)
 *(.rela.text .rela.text.* .rela.gnu.linkonce.t.*)
 *(.rel.fini)
 *(.rela.fini)
 *(.rel.rodata .rel.rodata.* .rel.gnu.linkonce.r.*)
 *(.rela.rodata .rela.rodata.* .rela.gnu.linkonce.r.*)
 *(.rel.data .rel.data.* .rel.gnu.linkonce.d.*)
 *(.rela.data .rela.data.* .rela.gnu.linkonce.d.*)
 *(.rel.tdata .rel.tdata.* .rel.gnu.linkonce.td.*)
 *(.rela.tdata .rela.tdata.* .rela.gnu.linkonce.td.*)
 *(.rel.tbss .rel.tbss.* .rel.gnu.linkonce.tb.*)
 *(.rela.tbss .rela.tbss.* .rela.gnu.linkonce.tb.*)
 *(.rel.ctors)
 *(.rela.ctors)
 *(.rel.dtors)
 *(.rela.dtors)
 *(.rel.got)
 *(.rela.got)
 *(.rel.sdata .rel.sdata.* .rel.gnu.linkonce.s.*)
 *(.rela.sdata .rela.sdata.* .rela.gnu.linkonce.s.*)
 *(.rel.sbss .rel.sbss.* .rel.gnu.linkonce.sb.*)
 *(.rela.sbss .rela.sbss.* .rela.gnu.linkonce.sb.*)
 *(.rel.sdata2 .rel.sdata2.* .rel.gnu.linkonce.s2.*)
 *(.rela.sdata2 .rela.sdata2.* .rela.gnu.linkonce.s2.*)
 *(.rel.sbss2 .rel.sbss2.* .rel.gnu.linkonce.sb2.*)
 *(.rela.sbss2 .rela.sbss2.* .rela.gnu.linkonce.sb2.*)
 *(.rel.bss .rel.bss.* .rel.gnu.linkonce.b.*)
 *(.rela.bss .rela.bss.* .rela.gnu.linkonce.b.*)
 *(.rel.plt)
 *(.rela.plt)
 *(.rel.dyn)
 *(.init)
 *(.plt)
 *(.text .stub .text.* .gnu.linkonce.t.*)
 .text          0x040001b4       0x3c C:/Users/Francisco/Desktop/DE2_70_D5M_NIOS/Eclipse/Software/DE2_70_D5M_bsp//obj/HAL/src/crt0.o
                0x040001b4                _start
 .text          0x040001f0      0x124 obj/default/main.o
                0x040001f0                main
                0x04000248                VGA_box
 .text          0x04000314       0xec C:/Users/Francisco/Desktop/DE2_70_D5M_NIOS/Eclipse/Software/DE2_70_D5M_bsp/\libhal_bsp.a(alt_load.o)
                0x04000314                alt_load
 .text          0x04000400       0x6c C:/Users/Francisco/Desktop/DE2_70_D5M_NIOS/Eclipse/Software/DE2_70_D5M_bsp/\libhal_bsp.a(alt_main.o)
                0x04000400                alt_main
 .text          0x0400046c      0x2a8 C:/Users/Francisco/Desktop/DE2_70_D5M_NIOS/Eclipse/Software/DE2_70_D5M_bsp/\libhal_bsp.a(alt_sys_init.o)
                0x0400046c                alt_irq_init
                0x040004a0                alt_sys_init
 .text          0x04000714      0x148 C:/Users/Francisco/Desktop/DE2_70_D5M_NIOS/Eclipse/Software/DE2_70_D5M_bsp/\libhal_bsp.a(altera_avalon_jtag_uart_fd.o)
                0x04000714                altera_avalon_jtag_uart_read_fd
                0x0400076c                altera_avalon_jtag_uart_write_fd
                0x040007c4                altera_avalon_jtag_uart_close_fd
                0x0400080c                altera_avalon_jtag_uart_ioctl_fd
 .text          0x0400085c      0x40c C:/Users/Francisco/Desktop/DE2_70_D5M_NIOS/Eclipse/Software/DE2_70_D5M_bsp/\libhal_bsp.a(altera_avalon_jtag_uart_init.o)
                0x0400085c                altera_avalon_jtag_uart_init
                0x04000bf4                altera_avalon_jtag_uart_close
 .text          0x04000c68       0xf4 C:/Users/Francisco/Desktop/DE2_70_D5M_NIOS/Eclipse/Software/DE2_70_D5M_bsp/\libhal_bsp.a(altera_avalon_jtag_uart_ioctl.o)
                0x04000c68                altera_avalon_jtag_uart_ioctl
 .text          0x04000d5c      0x224 C:/Users/Francisco/Desktop/DE2_70_D5M_NIOS/Eclipse/Software/DE2_70_D5M_bsp/\libhal_bsp.a(altera_avalon_jtag_uart_read.o)
                0x04000d5c                altera_avalon_jtag_uart_read
 .text          0x04000f80      0x240 C:/Users/Francisco/Desktop/DE2_70_D5M_NIOS/Eclipse/Software/DE2_70_D5M_bsp/\libhal_bsp.a(altera_avalon_jtag_uart_write.o)
                0x04000f80                altera_avalon_jtag_uart_write
 .text          0x040011c0      0x154 C:/Users/Francisco/Desktop/DE2_70_D5M_NIOS/Eclipse/Software/DE2_70_D5M_bsp/\libhal_bsp.a(alt_alarm_start.o)
                0x040011c0                alt_alarm_start
 .text          0x04001314      0x160 C:/Users/Francisco/Desktop/DE2_70_D5M_NIOS/Eclipse/Software/DE2_70_D5M_bsp/\libhal_bsp.a(alt_close.o)
                0x04001314                close
 .text          0x04001474       0x1c C:/Users/Francisco/Desktop/DE2_70_D5M_NIOS/Eclipse/Software/DE2_70_D5M_bsp/\libhal_bsp.a(alt_dcache_flush_all.o)
                0x04001474                alt_dcache_flush_all
 .text          0x04001490       0x2c C:/Users/Francisco/Desktop/DE2_70_D5M_NIOS/Eclipse/Software/DE2_70_D5M_bsp/\libhal_bsp.a(alt_dev.o)
 .text          0x040014bc      0x114 C:/Users/Francisco/Desktop/DE2_70_D5M_NIOS/Eclipse/Software/DE2_70_D5M_bsp/\libhal_bsp.a(alt_dev_llist_insert.o)
                0x040014bc                alt_dev_llist_insert
 .text          0x040015d0       0x64 C:/Users/Francisco/Desktop/DE2_70_D5M_NIOS/Eclipse/Software/DE2_70_D5M_bsp/\libhal_bsp.a(alt_do_ctors.o)
                0x040015d0                _do_ctors
 .text          0x04001634       0x64 C:/Users/Francisco/Desktop/DE2_70_D5M_NIOS/Eclipse/Software/DE2_70_D5M_bsp/\libhal_bsp.a(alt_do_dtors.o)
                0x04001634                _do_dtors
 .text          0x04001698        0x0 C:/Users/Francisco/Desktop/DE2_70_D5M_NIOS/Eclipse/Software/DE2_70_D5M_bsp/\libhal_bsp.a(alt_errno.o)
 .text          0x04001698       0x1c C:/Users/Francisco/Desktop/DE2_70_D5M_NIOS/Eclipse/Software/DE2_70_D5M_bsp/\libhal_bsp.a(alt_icache_flush_all.o)
                0x04001698                alt_icache_flush_all
 .text          0x040016b4      0x1d4 C:/Users/Francisco/Desktop/DE2_70_D5M_NIOS/Eclipse/Software/DE2_70_D5M_bsp/\libhal_bsp.a(alt_iic.o)
                0x040016b4                alt_ic_isr_register
                0x04001704                alt_ic_irq_enable
                0x040017a0                alt_ic_irq_disable
                0x04001840                alt_ic_irq_enabled
 .text          0x04001888       0xf8 C:/Users/Francisco/Desktop/DE2_70_D5M_NIOS/Eclipse/Software/DE2_70_D5M_bsp/\libhal_bsp.a(alt_iic_isr_register.o)
                0x04001888                alt_iic_isr_register
 .text          0x04001980      0x150 C:/Users/Francisco/Desktop/DE2_70_D5M_NIOS/Eclipse/Software/DE2_70_D5M_bsp/\libhal_bsp.a(alt_io_redirect.o)
                0x04001a58                alt_io_redirect
 .text          0x04001ad0        0x0 C:/Users/Francisco/Desktop/DE2_70_D5M_NIOS/Eclipse/Software/DE2_70_D5M_bsp/\libhal_bsp.a(alt_irq_entry.o)
 .text          0x04001ad0        0x0 C:/Users/Francisco/Desktop/DE2_70_D5M_NIOS/Eclipse/Software/DE2_70_D5M_bsp/\libhal_bsp.a(alt_irq_handler.o)
 .text          0x04001ad0        0x0 C:/Users/Francisco/Desktop/DE2_70_D5M_NIOS/Eclipse/Software/DE2_70_D5M_bsp/\libhal_bsp.a(alt_irq_vars.o)
 .text          0x04001ad0      0x2e4 C:/Users/Francisco/Desktop/DE2_70_D5M_NIOS/Eclipse/Software/DE2_70_D5M_bsp/\libhal_bsp.a(alt_open.o)
                0x04001bc8                open
 .text          0x04001db4       0x78 C:/Users/Francisco/Desktop/DE2_70_D5M_NIOS/Eclipse/Software/DE2_70_D5M_bsp/\libhal_bsp.a(alt_release_fd.o)
                0x04001db4                alt_release_fd
 .text          0x04001e2c      0x1a4 C:/Users/Francisco/Desktop/DE2_70_D5M_NIOS/Eclipse/Software/DE2_70_D5M_bsp/\libhal_bsp.a(alt_tick.o)
                0x04001e2c                alt_alarm_stop
                0x04001ec4                alt_tick
 .text          0x04001fd0       0x20 C:/Users/Francisco/Desktop/DE2_70_D5M_NIOS/Eclipse/Software/DE2_70_D5M_bsp/\libhal_bsp.a(altera_nios2_qsys_irq.o)
                0x04001fd0                altera_nios2_qsys_irq_init
 .text          0x04001ff0        0x0 C:/Users/Francisco/Desktop/DE2_70_D5M_NIOS/Eclipse/Software/DE2_70_D5M_bsp/\libhal_bsp.a(alt_exception_entry.o)
 .text          0x04001ff0       0x94 C:/Users/Francisco/Desktop/DE2_70_D5M_NIOS/Eclipse/Software/DE2_70_D5M_bsp/\libhal_bsp.a(alt_find_dev.o)
                0x04001ff0                alt_find_dev
 .text          0x04002084      0x120 C:/Users/Francisco/Desktop/DE2_70_D5M_NIOS/Eclipse/Software/DE2_70_D5M_bsp/\libhal_bsp.a(alt_find_file.o)
                0x04002084                alt_find_file
 .text          0x040021a4       0xd0 C:/Users/Francisco/Desktop/DE2_70_D5M_NIOS/Eclipse/Software/DE2_70_D5M_bsp/\libhal_bsp.a(alt_get_fd.o)
                0x040021a4                alt_get_fd
 .text          0x04002274       0x14 c:/altera/13.0sp1/nios2eds/bin/gnu/h-i686-mingw32/bin/../lib/gcc/nios2-elf/4.1.2/../../../../nios2-elf/lib/mno-hw-mul\libc.a(lib_a-atexit.o)
                0x04002274                atexit
 .text          0x04002288       0x38 c:/altera/13.0sp1/nios2eds/bin/gnu/h-i686-mingw32/bin/../lib/gcc/nios2-elf/4.1.2/../../../../nios2-elf/lib/mno-hw-mul\libc.a(lib_a-exit.o)
                0x04002288                exit
 .text          0x040022c0        0x0 c:/altera/13.0sp1/nios2eds/bin/gnu/h-i686-mingw32/bin/../lib/gcc/nios2-elf/4.1.2/../../../../nios2-elf/lib/mno-hw-mul\libc.a(lib_a-impure.o)
 .text          0x040022c0        0x0 c:/altera/13.0sp1/nios2eds/bin/gnu/h-i686-mingw32/bin/../lib/gcc/nios2-elf/4.1.2/../../../../nios2-elf/lib/mno-hw-mul\libc.a(lib_a-int_errno.o)
 .text          0x040022c0       0x74 c:/altera/13.0sp1/nios2eds/bin/gnu/h-i686-mingw32/bin/../lib/gcc/nios2-elf/4.1.2/../../../../nios2-elf/lib/mno-hw-mul\libc.a(lib_a-memcmp.o)
                0x040022c0                memcmp
 .text          0x04002334       0xa0 c:/altera/13.0sp1/nios2eds/bin/gnu/h-i686-mingw32/bin/../lib/gcc/nios2-elf/4.1.2/../../../../nios2-elf/lib/mno-hw-mul\libc.a(lib_a-memcpy.o)
                0x04002334                memcpy
 .text          0x040023d4       0x74 c:/altera/13.0sp1/nios2eds/bin/gnu/h-i686-mingw32/bin/../lib/gcc/nios2-elf/4.1.2/../../../../nios2-elf/lib/mno-hw-mul\libc.a(lib_a-strlen.o)
                0x040023d4                strlen
 .text          0x04002448      0x134 c:/altera/13.0sp1/nios2eds/bin/gnu/h-i686-mingw32/bin/../lib/gcc/nios2-elf/4.1.2/../../../../nios2-elf/lib/mno-hw-mul\libc.a(lib_a-__atexit.o)
                0x04002448                __register_exitproc
 .text          0x0400257c      0x1b4 c:/altera/13.0sp1/nios2eds/bin/gnu/h-i686-mingw32/bin/../lib/gcc/nios2-elf/4.1.2/../../../../nios2-elf/lib/mno-hw-mul\libc.a(lib_a-__call_atexit.o)
                0x04002580                __call_exitprocs
 .text          0x04002730       0x38 c:/altera/13.0sp1/nios2eds/bin/gnu/h-i686-mingw32/bin/../lib/gcc/nios2-elf/4.1.2/mno-hw-mul\libgcc.a(lib2-mul.o)
                0x04002730                __mulsi3
 .text          0x04002768       0x60 C:/Users/Francisco/Desktop/DE2_70_D5M_NIOS/Eclipse/Software/DE2_70_D5M_bsp/\libhal_bsp.a(alt_exit.o)
                0x040027a8                _exit
 *(.gnu.warning.*)
 *(.fini)
                0x040027c8                PROVIDE (__etext, ABSOLUTE (.))
                0x040027c8                PROVIDE (_etext, ABSOLUTE (.))
                0x040027c8                PROVIDE (etext, ABSOLUTE (.))
 *(.eh_frame_hdr)
                0x040027c8                . = ALIGN (0x4)
                0x040027c8                PROVIDE (__preinit_array_start, ABSOLUTE (.))
 *(.preinit_array)
                0x040027c8                PROVIDE (__preinit_array_end, ABSOLUTE (.))
                0x040027c8                PROVIDE (__init_array_start, ABSOLUTE (.))
 *(.init_array)
                0x040027c8                PROVIDE (__init_array_end, ABSOLUTE (.))
                0x040027c8                PROVIDE (__fini_array_start, ABSOLUTE (.))
 *(.fini_array)
                0x040027c8                PROVIDE (__fini_array_end, ABSOLUTE (.))
 *(.eh_frame)
 *(.gcc_except_table)
 *(.dynamic)
                0x040027c8                PROVIDE (__CTOR_LIST__, ABSOLUTE (.))
 *(.ctors)
 *(SORT(.ctors.*))
 .ctors.65535   0x040027c8        0x4 c:/altera/13.0sp1/nios2eds/bin/gnu/h-i686-mingw32/bin/../lib/gcc/nios2-elf/4.1.2/../../../../nios2-elf/lib/mno-hw-mul\libc.a(lib_a-__call_atexit.o)
                0x040027cc                PROVIDE (__CTOR_END__, ABSOLUTE (.))
                0x040027cc                PROVIDE (__DTOR_LIST__, ABSOLUTE (.))
 *(.dtors)
 *(SORT(.dtors.*))
                0x040027cc                PROVIDE (__DTOR_END__, ABSOLUTE (.))
 *(.jcr)
                0x040027cc                . = ALIGN (0x4)

.rodata         0x040027cc       0x48
                0x040027cc                PROVIDE (__ram_rodata_start, ABSOLUTE (.))
                0x040027cc                . = ALIGN (0x4)
 *(.rodata .rodata.* .gnu.linkonce.r.*)
 .rodata        0x040027cc       0x10 C:/Users/Francisco/Desktop/DE2_70_D5M_NIOS/Eclipse/Software/DE2_70_D5M_bsp/\libhal_bsp.a(alt_main.o)
 .rodata        0x040027dc       0x28 C:/Users/Francisco/Desktop/DE2_70_D5M_NIOS/Eclipse/Software/DE2_70_D5M_bsp/\libhal_bsp.a(alt_sys_init.o)
 .rodata        0x04002804        0xc C:/Users/Francisco/Desktop/DE2_70_D5M_NIOS/Eclipse/Software/DE2_70_D5M_bsp/\libhal_bsp.a(alt_dev.o)
 .rodata.str1.4
                0x04002810        0x4 c:/altera/13.0sp1/nios2eds/bin/gnu/h-i686-mingw32/bin/../lib/gcc/nios2-elf/4.1.2/../../../../nios2-elf/lib/mno-hw-mul\libc.a(lib_a-impure.o)
 *(.rodata1)
                0x04002814                . = ALIGN (0x4)
                0x04002814                PROVIDE (__ram_rodata_end, ABSOLUTE (.))
                0x040027cc                PROVIDE (__flash_rodata_start, LOADADDR (.rodata))

.rwdata         0x04002814     0x1688 load address 0x04003e9c
                0x04002814                PROVIDE (__ram_rwdata_start, ABSOLUTE (.))
                0x04002814                . = ALIGN (0x4)
 *(.got.plt)
 *(.got)
 *(.data1)
 *(.data .data.* .gnu.linkonce.d.*)
 .data          0x04002814        0x0 C:/Users/Francisco/Desktop/DE2_70_D5M_NIOS/Eclipse/Software/DE2_70_D5M_bsp//obj/HAL/src/crt0.o
 .data          0x04002814        0x0 obj/default/main.o
 .data          0x04002814        0x0 C:/Users/Francisco/Desktop/DE2_70_D5M_NIOS/Eclipse/Software/DE2_70_D5M_bsp/\libhal_bsp.a(alt_load.o)
 .data          0x04002814        0x0 C:/Users/Francisco/Desktop/DE2_70_D5M_NIOS/Eclipse/Software/DE2_70_D5M_bsp/\libhal_bsp.a(alt_main.o)
 .data          0x04002814     0x10b4 C:/Users/Francisco/Desktop/DE2_70_D5M_NIOS/Eclipse/Software/DE2_70_D5M_bsp/\libhal_bsp.a(alt_sys_init.o)
 .data          0x040038c8        0x0 C:/Users/Francisco/Desktop/DE2_70_D5M_NIOS/Eclipse/Software/DE2_70_D5M_bsp/\libhal_bsp.a(altera_avalon_jtag_uart_fd.o)
 .data          0x040038c8        0x0 C:/Users/Francisco/Desktop/DE2_70_D5M_NIOS/Eclipse/Software/DE2_70_D5M_bsp/\libhal_bsp.a(altera_avalon_jtag_uart_init.o)
 .data          0x040038c8        0x0 C:/Users/Francisco/Desktop/DE2_70_D5M_NIOS/Eclipse/Software/DE2_70_D5M_bsp/\libhal_bsp.a(altera_avalon_jtag_uart_ioctl.o)
 .data          0x040038c8        0x0 C:/Users/Francisco/Desktop/DE2_70_D5M_NIOS/Eclipse/Software/DE2_70_D5M_bsp/\libhal_bsp.a(altera_avalon_jtag_uart_read.o)
 .data          0x040038c8        0x0 C:/Users/Francisco/Desktop/DE2_70_D5M_NIOS/Eclipse/Software/DE2_70_D5M_bsp/\libhal_bsp.a(altera_avalon_jtag_uart_write.o)
 .data          0x040038c8        0x0 C:/Users/Francisco/Desktop/DE2_70_D5M_NIOS/Eclipse/Software/DE2_70_D5M_bsp/\libhal_bsp.a(alt_alarm_start.o)
 .data          0x040038c8        0x0 C:/Users/Francisco/Desktop/DE2_70_D5M_NIOS/Eclipse/Software/DE2_70_D5M_bsp/\libhal_bsp.a(alt_close.o)
 .data          0x040038c8        0x0 C:/Users/Francisco/Desktop/DE2_70_D5M_NIOS/Eclipse/Software/DE2_70_D5M_bsp/\libhal_bsp.a(alt_dcache_flush_all.o)
 .data          0x040038c8      0x1a8 C:/Users/Francisco/Desktop/DE2_70_D5M_NIOS/Eclipse/Software/DE2_70_D5M_bsp/\libhal_bsp.a(alt_dev.o)
                0x040038c8                alt_dev_null
                0x040038f0                alt_fd_list
 .data          0x04003a70        0x0 C:/Users/Francisco/Desktop/DE2_70_D5M_NIOS/Eclipse/Software/DE2_70_D5M_bsp/\libhal_bsp.a(alt_dev_llist_insert.o)
 .data          0x04003a70        0x0 C:/Users/Francisco/Desktop/DE2_70_D5M_NIOS/Eclipse/Software/DE2_70_D5M_bsp/\libhal_bsp.a(alt_do_ctors.o)
 .data          0x04003a70        0x0 C:/Users/Francisco/Desktop/DE2_70_D5M_NIOS/Eclipse/Software/DE2_70_D5M_bsp/\libhal_bsp.a(alt_do_dtors.o)
 .data          0x04003a70        0x0 C:/Users/Francisco/Desktop/DE2_70_D5M_NIOS/Eclipse/Software/DE2_70_D5M_bsp/\libhal_bsp.a(alt_errno.o)
 .data          0x04003a70        0x0 C:/Users/Francisco/Desktop/DE2_70_D5M_NIOS/Eclipse/Software/DE2_70_D5M_bsp/\libhal_bsp.a(alt_icache_flush_all.o)
 .data          0x04003a70        0x0 C:/Users/Francisco/Desktop/DE2_70_D5M_NIOS/Eclipse/Software/DE2_70_D5M_bsp/\libhal_bsp.a(alt_iic.o)
 .data          0x04003a70        0x0 C:/Users/Francisco/Desktop/DE2_70_D5M_NIOS/Eclipse/Software/DE2_70_D5M_bsp/\libhal_bsp.a(alt_iic_isr_register.o)
 .data          0x04003a70        0x0 C:/Users/Francisco/Desktop/DE2_70_D5M_NIOS/Eclipse/Software/DE2_70_D5M_bsp/\libhal_bsp.a(alt_io_redirect.o)
 .data          0x04003a70        0x0 C:/Users/Francisco/Desktop/DE2_70_D5M_NIOS/Eclipse/Software/DE2_70_D5M_bsp/\libhal_bsp.a(alt_irq_entry.o)
 .data          0x04003a70        0x0 C:/Users/Francisco/Desktop/DE2_70_D5M_NIOS/Eclipse/Software/DE2_70_D5M_bsp/\libhal_bsp.a(alt_irq_handler.o)
 .data          0x04003a70        0x0 C:/Users/Francisco/Desktop/DE2_70_D5M_NIOS/Eclipse/Software/DE2_70_D5M_bsp/\libhal_bsp.a(alt_irq_vars.o)
 .data          0x04003a70        0x0 C:/Users/Francisco/Desktop/DE2_70_D5M_NIOS/Eclipse/Software/DE2_70_D5M_bsp/\libhal_bsp.a(alt_open.o)
 .data          0x04003a70        0x0 C:/Users/Francisco/Desktop/DE2_70_D5M_NIOS/Eclipse/Software/DE2_70_D5M_bsp/\libhal_bsp.a(alt_release_fd.o)
 .data          0x04003a70        0x0 C:/Users/Francisco/Desktop/DE2_70_D5M_NIOS/Eclipse/Software/DE2_70_D5M_bsp/\libhal_bsp.a(alt_tick.o)
 .data          0x04003a70        0x0 C:/Users/Francisco/Desktop/DE2_70_D5M_NIOS/Eclipse/Software/DE2_70_D5M_bsp/\libhal_bsp.a(altera_nios2_qsys_irq.o)
 .data          0x04003a70        0x0 C:/Users/Francisco/Desktop/DE2_70_D5M_NIOS/Eclipse/Software/DE2_70_D5M_bsp/\libhal_bsp.a(alt_exception_entry.o)
 .data          0x04003a70        0x0 C:/Users/Francisco/Desktop/DE2_70_D5M_NIOS/Eclipse/Software/DE2_70_D5M_bsp/\libhal_bsp.a(alt_find_dev.o)
 .data          0x04003a70        0x0 C:/Users/Francisco/Desktop/DE2_70_D5M_NIOS/Eclipse/Software/DE2_70_D5M_bsp/\libhal_bsp.a(alt_find_file.o)
 .data          0x04003a70        0x0 C:/Users/Francisco/Desktop/DE2_70_D5M_NIOS/Eclipse/Software/DE2_70_D5M_bsp/\libhal_bsp.a(alt_get_fd.o)
 .data          0x04003a70        0x0 c:/altera/13.0sp1/nios2eds/bin/gnu/h-i686-mingw32/bin/../lib/gcc/nios2-elf/4.1.2/../../../../nios2-elf/lib/mno-hw-mul\libc.a(lib_a-atexit.o)
 .data          0x04003a70        0x0 c:/altera/13.0sp1/nios2eds/bin/gnu/h-i686-mingw32/bin/../lib/gcc/nios2-elf/4.1.2/../../../../nios2-elf/lib/mno-hw-mul\libc.a(lib_a-exit.o)
 .data          0x04003a70      0x400 c:/altera/13.0sp1/nios2eds/bin/gnu/h-i686-mingw32/bin/../lib/gcc/nios2-elf/4.1.2/../../../../nios2-elf/lib/mno-hw-mul\libc.a(lib_a-impure.o)
 .data          0x04003e70        0x0 c:/altera/13.0sp1/nios2eds/bin/gnu/h-i686-mingw32/bin/../lib/gcc/nios2-elf/4.1.2/../../../../nios2-elf/lib/mno-hw-mul\libc.a(lib_a-int_errno.o)
 .data          0x04003e70        0x0 c:/altera/13.0sp1/nios2eds/bin/gnu/h-i686-mingw32/bin/../lib/gcc/nios2-elf/4.1.2/../../../../nios2-elf/lib/mno-hw-mul\libc.a(lib_a-memcmp.o)
 .data          0x04003e70        0x0 c:/altera/13.0sp1/nios2eds/bin/gnu/h-i686-mingw32/bin/../lib/gcc/nios2-elf/4.1.2/../../../../nios2-elf/lib/mno-hw-mul\libc.a(lib_a-memcpy.o)
 .data          0x04003e70        0x0 c:/altera/13.0sp1/nios2eds/bin/gnu/h-i686-mingw32/bin/../lib/gcc/nios2-elf/4.1.2/../../../../nios2-elf/lib/mno-hw-mul\libc.a(lib_a-strlen.o)
 .data          0x04003e70        0x0 c:/altera/13.0sp1/nios2eds/bin/gnu/h-i686-mingw32/bin/../lib/gcc/nios2-elf/4.1.2/../../../../nios2-elf/lib/mno-hw-mul\libc.a(lib_a-__atexit.o)
 .data          0x04003e70        0x0 c:/altera/13.0sp1/nios2eds/bin/gnu/h-i686-mingw32/bin/../lib/gcc/nios2-elf/4.1.2/../../../../nios2-elf/lib/mno-hw-mul\libc.a(lib_a-__call_atexit.o)
 .data          0x04003e70        0x0 c:/altera/13.0sp1/nios2eds/bin/gnu/h-i686-mingw32/bin/../lib/gcc/nios2-elf/4.1.2/mno-hw-mul\libgcc.a(lib2-mul.o)
 .data          0x04003e70        0x0 C:/Users/Francisco/Desktop/DE2_70_D5M_NIOS/Eclipse/Software/DE2_70_D5M_bsp/\libhal_bsp.a(alt_exit.o)
                0x0400be70                _gp = ABSOLUTE ((. + 0x8000))
                0x0400be70                PROVIDE (gp, _gp)
 *(.rwdata .rwdata.*)
 *(.sdata .sdata.* .gnu.linkonce.s.*)
 .sdata         0x04003e70       0x14 C:/Users/Francisco/Desktop/DE2_70_D5M_NIOS/Eclipse/Software/DE2_70_D5M_bsp/\libhal_bsp.a(alt_dev.o)
                0x04003e70                alt_fs_list
                0x04003e78                alt_dev_list
                0x04003e80                alt_max_fd
 .sdata         0x04003e84        0x4 C:/Users/Francisco/Desktop/DE2_70_D5M_NIOS/Eclipse/Software/DE2_70_D5M_bsp/\libhal_bsp.a(alt_errno.o)
                0x04003e84                alt_errno
 .sdata         0x04003e88        0x4 C:/Users/Francisco/Desktop/DE2_70_D5M_NIOS/Eclipse/Software/DE2_70_D5M_bsp/\libhal_bsp.a(alt_irq_vars.o)
                0x04003e88                alt_priority_mask
 .sdata         0x04003e8c        0x8 C:/Users/Francisco/Desktop/DE2_70_D5M_NIOS/Eclipse/Software/DE2_70_D5M_bsp/\libhal_bsp.a(alt_tick.o)
                0x04003e8c                alt_alarm_list
 .sdata         0x04003e94        0x8 c:/altera/13.0sp1/nios2eds/bin/gnu/h-i686-mingw32/bin/../lib/gcc/nios2-elf/4.1.2/../../../../nios2-elf/lib/mno-hw-mul\libc.a(lib_a-impure.o)
                0x04003e94                _impure_ptr
                0x04003e98                _global_impure_ptr
 *(.sdata2 .sdata2.* .gnu.linkonce.s2.*)
                0x04003e9c                . = ALIGN (0x4)
                0x04003e9c                _edata = ABSOLUTE (.)
                0x04003e9c                PROVIDE (edata, ABSOLUTE (.))
                0x04003e9c                PROVIDE (__ram_rwdata_end, ABSOLUTE (.))
                0x04003e9c                PROVIDE (__flash_rwdata_start, LOADADDR (.rwdata))

.bss            0x04005524      0x2ac
                0x04005524                __bss_start = ABSOLUTE (.)
                0x04005524                PROVIDE (__sbss_start, ABSOLUTE (.))
                0x04005524                PROVIDE (___sbss_start, ABSOLUTE (.))
 *(.dynsbss)
 *(.sbss .sbss.* .gnu.linkonce.sb.*)
 .sbss          0x04005524        0xc C:/Users/Francisco/Desktop/DE2_70_D5M_NIOS/Eclipse/Software/DE2_70_D5M_bsp/\libhal_bsp.a(alt_main.o)
                0x04005524                alt_argc
                0x04005528                alt_argv
                0x0400552c                alt_envp
 .sbss          0x04005530        0x4 C:/Users/Francisco/Desktop/DE2_70_D5M_NIOS/Eclipse/Software/DE2_70_D5M_bsp/\libhal_bsp.a(alt_irq_vars.o)
                0x04005530                alt_irq_active
 .sbss          0x04005534        0x8 C:/Users/Francisco/Desktop/DE2_70_D5M_NIOS/Eclipse/Software/DE2_70_D5M_bsp/\libhal_bsp.a(alt_tick.o)
                0x04005534                _alt_tick_rate
                0x04005538                _alt_nticks
 .sbss          0x0400553c        0x4 c:/altera/13.0sp1/nios2eds/bin/gnu/h-i686-mingw32/bin/../lib/gcc/nios2-elf/4.1.2/../../../../nios2-elf/lib/mno-hw-mul\libc.a(lib_a-int_errno.o)
                0x0400553c                errno
 *(.sbss2 .sbss2.* .gnu.linkonce.sb2.*)
 *(.scommon)
                0x04005540                PROVIDE (__sbss_end, ABSOLUTE (.))
                0x04005540                PROVIDE (___sbss_end, ABSOLUTE (.))
 *(.dynbss)
 *(.bss .bss.* .gnu.linkonce.b.*)
 .bss           0x04005540        0x0 C:/Users/Francisco/Desktop/DE2_70_D5M_NIOS/Eclipse/Software/DE2_70_D5M_bsp//obj/HAL/src/crt0.o
 .bss           0x04005540        0x0 obj/default/main.o
 .bss           0x04005540        0x0 C:/Users/Francisco/Desktop/DE2_70_D5M_NIOS/Eclipse/Software/DE2_70_D5M_bsp/\libhal_bsp.a(alt_load.o)
 .bss           0x04005540        0x0 C:/Users/Francisco/Desktop/DE2_70_D5M_NIOS/Eclipse/Software/DE2_70_D5M_bsp/\libhal_bsp.a(alt_main.o)
 .bss           0x04005540        0x0 C:/Users/Francisco/Desktop/DE2_70_D5M_NIOS/Eclipse/Software/DE2_70_D5M_bsp/\libhal_bsp.a(alt_sys_init.o)
 .bss           0x04005540        0x0 C:/Users/Francisco/Desktop/DE2_70_D5M_NIOS/Eclipse/Software/DE2_70_D5M_bsp/\libhal_bsp.a(altera_avalon_jtag_uart_fd.o)
 .bss           0x04005540        0x0 C:/Users/Francisco/Desktop/DE2_70_D5M_NIOS/Eclipse/Software/DE2_70_D5M_bsp/\libhal_bsp.a(altera_avalon_jtag_uart_init.o)
 .bss           0x04005540        0x0 C:/Users/Francisco/Desktop/DE2_70_D5M_NIOS/Eclipse/Software/DE2_70_D5M_bsp/\libhal_bsp.a(altera_avalon_jtag_uart_ioctl.o)
 .bss           0x04005540        0x0 C:/Users/Francisco/Desktop/DE2_70_D5M_NIOS/Eclipse/Software/DE2_70_D5M_bsp/\libhal_bsp.a(altera_avalon_jtag_uart_read.o)
 .bss           0x04005540        0x0 C:/Users/Francisco/Desktop/DE2_70_D5M_NIOS/Eclipse/Software/DE2_70_D5M_bsp/\libhal_bsp.a(altera_avalon_jtag_uart_write.o)
 .bss           0x04005540        0x0 C:/Users/Francisco/Desktop/DE2_70_D5M_NIOS/Eclipse/Software/DE2_70_D5M_bsp/\libhal_bsp.a(alt_alarm_start.o)
 .bss           0x04005540        0x0 C:/Users/Francisco/Desktop/DE2_70_D5M_NIOS/Eclipse/Software/DE2_70_D5M_bsp/\libhal_bsp.a(alt_close.o)
 .bss           0x04005540        0x0 C:/Users/Francisco/Desktop/DE2_70_D5M_NIOS/Eclipse/Software/DE2_70_D5M_bsp/\libhal_bsp.a(alt_dcache_flush_all.o)
 .bss           0x04005540        0x0 C:/Users/Francisco/Desktop/DE2_70_D5M_NIOS/Eclipse/Software/DE2_70_D5M_bsp/\libhal_bsp.a(alt_dev.o)
 .bss           0x04005540        0x0 C:/Users/Francisco/Desktop/DE2_70_D5M_NIOS/Eclipse/Software/DE2_70_D5M_bsp/\libhal_bsp.a(alt_dev_llist_insert.o)
 .bss           0x04005540        0x0 C:/Users/Francisco/Desktop/DE2_70_D5M_NIOS/Eclipse/Software/DE2_70_D5M_bsp/\libhal_bsp.a(alt_do_ctors.o)
 .bss           0x04005540        0x0 C:/Users/Francisco/Desktop/DE2_70_D5M_NIOS/Eclipse/Software/DE2_70_D5M_bsp/\libhal_bsp.a(alt_do_dtors.o)
 .bss           0x04005540        0x0 C:/Users/Francisco/Desktop/DE2_70_D5M_NIOS/Eclipse/Software/DE2_70_D5M_bsp/\libhal_bsp.a(alt_errno.o)
 .bss           0x04005540        0x0 C:/Users/Francisco/Desktop/DE2_70_D5M_NIOS/Eclipse/Software/DE2_70_D5M_bsp/\libhal_bsp.a(alt_icache_flush_all.o)
 .bss           0x04005540        0x0 C:/Users/Francisco/Desktop/DE2_70_D5M_NIOS/Eclipse/Software/DE2_70_D5M_bsp/\libhal_bsp.a(alt_iic.o)
 .bss           0x04005540        0x0 C:/Users/Francisco/Desktop/DE2_70_D5M_NIOS/Eclipse/Software/DE2_70_D5M_bsp/\libhal_bsp.a(alt_iic_isr_register.o)
 .bss           0x04005540        0x0 C:/Users/Francisco/Desktop/DE2_70_D5M_NIOS/Eclipse/Software/DE2_70_D5M_bsp/\libhal_bsp.a(alt_io_redirect.o)
 .bss           0x04005540        0x0 C:/Users/Francisco/Desktop/DE2_70_D5M_NIOS/Eclipse/Software/DE2_70_D5M_bsp/\libhal_bsp.a(alt_irq_entry.o)
 .bss           0x04005540        0x0 C:/Users/Francisco/Desktop/DE2_70_D5M_NIOS/Eclipse/Software/DE2_70_D5M_bsp/\libhal_bsp.a(alt_irq_handler.o)
 .bss           0x04005540        0x0 C:/Users/Francisco/Desktop/DE2_70_D5M_NIOS/Eclipse/Software/DE2_70_D5M_bsp/\libhal_bsp.a(alt_irq_vars.o)
 .bss           0x04005540        0x0 C:/Users/Francisco/Desktop/DE2_70_D5M_NIOS/Eclipse/Software/DE2_70_D5M_bsp/\libhal_bsp.a(alt_open.o)
 .bss           0x04005540        0x0 C:/Users/Francisco/Desktop/DE2_70_D5M_NIOS/Eclipse/Software/DE2_70_D5M_bsp/\libhal_bsp.a(alt_release_fd.o)
 .bss           0x04005540        0x0 C:/Users/Francisco/Desktop/DE2_70_D5M_NIOS/Eclipse/Software/DE2_70_D5M_bsp/\libhal_bsp.a(alt_tick.o)
 .bss           0x04005540        0x0 C:/Users/Francisco/Desktop/DE2_70_D5M_NIOS/Eclipse/Software/DE2_70_D5M_bsp/\libhal_bsp.a(altera_nios2_qsys_irq.o)
 .bss           0x04005540        0x0 C:/Users/Francisco/Desktop/DE2_70_D5M_NIOS/Eclipse/Software/DE2_70_D5M_bsp/\libhal_bsp.a(alt_exception_entry.o)
 .bss           0x04005540        0x0 C:/Users/Francisco/Desktop/DE2_70_D5M_NIOS/Eclipse/Software/DE2_70_D5M_bsp/\libhal_bsp.a(alt_find_dev.o)
 .bss           0x04005540        0x0 C:/Users/Francisco/Desktop/DE2_70_D5M_NIOS/Eclipse/Software/DE2_70_D5M_bsp/\libhal_bsp.a(alt_find_file.o)
 .bss           0x04005540        0x0 C:/Users/Francisco/Desktop/DE2_70_D5M_NIOS/Eclipse/Software/DE2_70_D5M_bsp/\libhal_bsp.a(alt_get_fd.o)
 .bss           0x04005540        0x0 c:/altera/13.0sp1/nios2eds/bin/gnu/h-i686-mingw32/bin/../lib/gcc/nios2-elf/4.1.2/../../../../nios2-elf/lib/mno-hw-mul\libc.a(lib_a-atexit.o)
 .bss           0x04005540        0x0 c:/altera/13.0sp1/nios2eds/bin/gnu/h-i686-mingw32/bin/../lib/gcc/nios2-elf/4.1.2/../../../../nios2-elf/lib/mno-hw-mul\libc.a(lib_a-exit.o)
 .bss           0x04005540        0x0 c:/altera/13.0sp1/nios2eds/bin/gnu/h-i686-mingw32/bin/../lib/gcc/nios2-elf/4.1.2/../../../../nios2-elf/lib/mno-hw-mul\libc.a(lib_a-impure.o)
 .bss           0x04005540        0x0 c:/altera/13.0sp1/nios2eds/bin/gnu/h-i686-mingw32/bin/../lib/gcc/nios2-elf/4.1.2/../../../../nios2-elf/lib/mno-hw-mul\libc.a(lib_a-int_errno.o)
 .bss           0x04005540        0x0 c:/altera/13.0sp1/nios2eds/bin/gnu/h-i686-mingw32/bin/../lib/gcc/nios2-elf/4.1.2/../../../../nios2-elf/lib/mno-hw-mul\libc.a(lib_a-memcmp.o)
 .bss           0x04005540        0x0 c:/altera/13.0sp1/nios2eds/bin/gnu/h-i686-mingw32/bin/../lib/gcc/nios2-elf/4.1.2/../../../../nios2-elf/lib/mno-hw-mul\libc.a(lib_a-memcpy.o)
 .bss           0x04005540        0x0 c:/altera/13.0sp1/nios2eds/bin/gnu/h-i686-mingw32/bin/../lib/gcc/nios2-elf/4.1.2/../../../../nios2-elf/lib/mno-hw-mul\libc.a(lib_a-strlen.o)
 .bss           0x04005540        0x0 c:/altera/13.0sp1/nios2eds/bin/gnu/h-i686-mingw32/bin/../lib/gcc/nios2-elf/4.1.2/../../../../nios2-elf/lib/mno-hw-mul\libc.a(lib_a-__atexit.o)
 .bss           0x04005540        0x0 c:/altera/13.0sp1/nios2eds/bin/gnu/h-i686-mingw32/bin/../lib/gcc/nios2-elf/4.1.2/../../../../nios2-elf/lib/mno-hw-mul\libc.a(lib_a-__call_atexit.o)
 .bss           0x04005540        0x0 c:/altera/13.0sp1/nios2eds/bin/gnu/h-i686-mingw32/bin/../lib/gcc/nios2-elf/4.1.2/mno-hw-mul\libgcc.a(lib2-mul.o)
 .bss           0x04005540        0x0 C:/Users/Francisco/Desktop/DE2_70_D5M_NIOS/Eclipse/Software/DE2_70_D5M_bsp/\libhal_bsp.a(alt_exit.o)
 *(COMMON)
 COMMON         0x04005540      0x100 C:/Users/Francisco/Desktop/DE2_70_D5M_NIOS/Eclipse/Software/DE2_70_D5M_bsp/\libhal_bsp.a(alt_irq_handler.o)
                0x04005540                alt_irq
 COMMON         0x04005640      0x190 c:/altera/13.0sp1/nios2eds/bin/gnu/h-i686-mingw32/bin/../lib/gcc/nios2-elf/4.1.2/../../../../nios2-elf/lib/mno-hw-mul\libc.a(lib_a-atexit.o)
                0x04005640                _atexit0
                0x040057d0                . = ALIGN (0x4)
                0x040057d0                __bss_end = ABSOLUTE (.)

.onchip_memory  0x00201000        0x0 load address 0x040057d0
                0x00201000                PROVIDE (_alt_partition_onchip_memory_start, ABSOLUTE (.))
 *(.onchip_memory. onchip_memory.*)
                0x00201000                . = ALIGN (0x4)
                0x00201000                PROVIDE (_alt_partition_onchip_memory_end, ABSOLUTE (.))
                0x040057d0                PROVIDE (_alt_partition_onchip_memory_load_addr, LOADADDR (.onchip_memory))

.sdram          0x040057d0        0x0
                0x040057d0                PROVIDE (_alt_partition_sdram_start, ABSOLUTE (.))
 *(.sdram. sdram.*)
                0x040057d0                . = ALIGN (0x4)
                0x040057d0                PROVIDE (_alt_partition_sdram_end, ABSOLUTE (.))
                0x040057d0                _end = ABSOLUTE (.)
                0x040057d0                end = ABSOLUTE (.)
                0x040057d0                __alt_stack_base = ABSOLUTE (.)
                0x040057d0                PROVIDE (_alt_partition_sdram_load_addr, LOADADDR (.sdram))

.stab
 *(.stab)

.stabstr
 *(.stabstr)

.stab.excl
 *(.stab.excl)

.stab.exclstr
 *(.stab.exclstr)

.stab.index
 *(.stab.index)

.stab.indexstr
 *(.stab.indexstr)

.comment        0x00000000       0x26
 *(.comment)
 .comment       0x00000000       0x26 obj/default/main.o
                                 0x27 (size before relaxing)
 .comment       0x00000000       0x27 C:/Users/Francisco/Desktop/DE2_70_D5M_NIOS/Eclipse/Software/DE2_70_D5M_bsp/\libhal_bsp.a(alt_load.o)
 .comment       0x00000000       0x27 C:/Users/Francisco/Desktop/DE2_70_D5M_NIOS/Eclipse/Software/DE2_70_D5M_bsp/\libhal_bsp.a(alt_main.o)
 .comment       0x00000000       0x27 C:/Users/Francisco/Desktop/DE2_70_D5M_NIOS/Eclipse/Software/DE2_70_D5M_bsp/\libhal_bsp.a(alt_sys_init.o)
 .comment       0x00000000       0x27 C:/Users/Francisco/Desktop/DE2_70_D5M_NIOS/Eclipse/Software/DE2_70_D5M_bsp/\libhal_bsp.a(altera_avalon_jtag_uart_fd.o)
 .comment       0x00000000       0x27 C:/Users/Francisco/Desktop/DE2_70_D5M_NIOS/Eclipse/Software/DE2_70_D5M_bsp/\libhal_bsp.a(altera_avalon_jtag_uart_init.o)
 .comment       0x00000000       0x27 C:/Users/Francisco/Desktop/DE2_70_D5M_NIOS/Eclipse/Software/DE2_70_D5M_bsp/\libhal_bsp.a(altera_avalon_jtag_uart_ioctl.o)
 .comment       0x00000000       0x27 C:/Users/Francisco/Desktop/DE2_70_D5M_NIOS/Eclipse/Software/DE2_70_D5M_bsp/\libhal_bsp.a(altera_avalon_jtag_uart_read.o)
 .comment       0x00000000       0x27 C:/Users/Francisco/Desktop/DE2_70_D5M_NIOS/Eclipse/Software/DE2_70_D5M_bsp/\libhal_bsp.a(altera_avalon_jtag_uart_write.o)
 .comment       0x00000000       0x27 C:/Users/Francisco/Desktop/DE2_70_D5M_NIOS/Eclipse/Software/DE2_70_D5M_bsp/\libhal_bsp.a(alt_alarm_start.o)
 .comment       0x00000000       0x27 C:/Users/Francisco/Desktop/DE2_70_D5M_NIOS/Eclipse/Software/DE2_70_D5M_bsp/\libhal_bsp.a(alt_close.o)
 .comment       0x00000000       0x27 C:/Users/Francisco/Desktop/DE2_70_D5M_NIOS/Eclipse/Software/DE2_70_D5M_bsp/\libhal_bsp.a(alt_dcache_flush_all.o)
 .comment       0x00000000       0x27 C:/Users/Francisco/Desktop/DE2_70_D5M_NIOS/Eclipse/Software/DE2_70_D5M_bsp/\libhal_bsp.a(alt_dev.o)
 .comment       0x00000000       0x27 C:/Users/Francisco/Desktop/DE2_70_D5M_NIOS/Eclipse/Software/DE2_70_D5M_bsp/\libhal_bsp.a(alt_dev_llist_insert.o)
 .comment       0x00000000       0x27 C:/Users/Francisco/Desktop/DE2_70_D5M_NIOS/Eclipse/Software/DE2_70_D5M_bsp/\libhal_bsp.a(alt_do_ctors.o)
 .comment       0x00000000       0x27 C:/Users/Francisco/Desktop/DE2_70_D5M_NIOS/Eclipse/Software/DE2_70_D5M_bsp/\libhal_bsp.a(alt_do_dtors.o)
 .comment       0x00000000       0x27 C:/Users/Francisco/Desktop/DE2_70_D5M_NIOS/Eclipse/Software/DE2_70_D5M_bsp/\libhal_bsp.a(alt_errno.o)
 .comment       0x00000000       0x27 C:/Users/Francisco/Desktop/DE2_70_D5M_NIOS/Eclipse/Software/DE2_70_D5M_bsp/\libhal_bsp.a(alt_icache_flush_all.o)
 .comment       0x00000000       0x27 C:/Users/Francisco/Desktop/DE2_70_D5M_NIOS/Eclipse/Software/DE2_70_D5M_bsp/\libhal_bsp.a(alt_iic.o)
 .comment       0x00000000       0x27 C:/Users/Francisco/Desktop/DE2_70_D5M_NIOS/Eclipse/Software/DE2_70_D5M_bsp/\libhal_bsp.a(alt_iic_isr_register.o)
 .comment       0x00000000       0x27 C:/Users/Francisco/Desktop/DE2_70_D5M_NIOS/Eclipse/Software/DE2_70_D5M_bsp/\libhal_bsp.a(alt_io_redirect.o)
 .comment       0x00000000       0x27 C:/Users/Francisco/Desktop/DE2_70_D5M_NIOS/Eclipse/Software/DE2_70_D5M_bsp/\libhal_bsp.a(alt_irq_handler.o)
 .comment       0x00000000       0x27 C:/Users/Francisco/Desktop/DE2_70_D5M_NIOS/Eclipse/Software/DE2_70_D5M_bsp/\libhal_bsp.a(alt_irq_vars.o)
 .comment       0x00000000       0x27 C:/Users/Francisco/Desktop/DE2_70_D5M_NIOS/Eclipse/Software/DE2_70_D5M_bsp/\libhal_bsp.a(alt_open.o)
 .comment       0x00000000       0x27 C:/Users/Francisco/Desktop/DE2_70_D5M_NIOS/Eclipse/Software/DE2_70_D5M_bsp/\libhal_bsp.a(alt_release_fd.o)
 .comment       0x00000000       0x27 C:/Users/Francisco/Desktop/DE2_70_D5M_NIOS/Eclipse/Software/DE2_70_D5M_bsp/\libhal_bsp.a(alt_tick.o)
 .comment       0x00000000       0x27 C:/Users/Francisco/Desktop/DE2_70_D5M_NIOS/Eclipse/Software/DE2_70_D5M_bsp/\libhal_bsp.a(altera_nios2_qsys_irq.o)
 .comment       0x00000000       0x27 C:/Users/Francisco/Desktop/DE2_70_D5M_NIOS/Eclipse/Software/DE2_70_D5M_bsp/\libhal_bsp.a(alt_find_dev.o)
 .comment       0x00000000       0x27 C:/Users/Francisco/Desktop/DE2_70_D5M_NIOS/Eclipse/Software/DE2_70_D5M_bsp/\libhal_bsp.a(alt_find_file.o)
 .comment       0x00000000       0x27 C:/Users/Francisco/Desktop/DE2_70_D5M_NIOS/Eclipse/Software/DE2_70_D5M_bsp/\libhal_bsp.a(alt_get_fd.o)
 .comment       0x00000000       0x27 c:/altera/13.0sp1/nios2eds/bin/gnu/h-i686-mingw32/bin/../lib/gcc/nios2-elf/4.1.2/../../../../nios2-elf/lib/mno-hw-mul\libc.a(lib_a-atexit.o)
 .comment       0x00000000       0x27 c:/altera/13.0sp1/nios2eds/bin/gnu/h-i686-mingw32/bin/../lib/gcc/nios2-elf/4.1.2/../../../../nios2-elf/lib/mno-hw-mul\libc.a(lib_a-exit.o)
 .comment       0x00000000       0x27 c:/altera/13.0sp1/nios2eds/bin/gnu/h-i686-mingw32/bin/../lib/gcc/nios2-elf/4.1.2/../../../../nios2-elf/lib/mno-hw-mul\libc.a(lib_a-impure.o)
 .comment       0x00000000       0x27 c:/altera/13.0sp1/nios2eds/bin/gnu/h-i686-mingw32/bin/../lib/gcc/nios2-elf/4.1.2/../../../../nios2-elf/lib/mno-hw-mul\libc.a(lib_a-int_errno.o)
 .comment       0x00000000       0x27 c:/altera/13.0sp1/nios2eds/bin/gnu/h-i686-mingw32/bin/../lib/gcc/nios2-elf/4.1.2/../../../../nios2-elf/lib/mno-hw-mul\libc.a(lib_a-memcmp.o)
 .comment       0x00000000       0x27 c:/altera/13.0sp1/nios2eds/bin/gnu/h-i686-mingw32/bin/../lib/gcc/nios2-elf/4.1.2/../../../../nios2-elf/lib/mno-hw-mul\libc.a(lib_a-memcpy.o)
 .comment       0x00000000       0x27 c:/altera/13.0sp1/nios2eds/bin/gnu/h-i686-mingw32/bin/../lib/gcc/nios2-elf/4.1.2/../../../../nios2-elf/lib/mno-hw-mul\libc.a(lib_a-strlen.o)
 .comment       0x00000000       0x27 c:/altera/13.0sp1/nios2eds/bin/gnu/h-i686-mingw32/bin/../lib/gcc/nios2-elf/4.1.2/../../../../nios2-elf/lib/mno-hw-mul\libc.a(lib_a-__atexit.o)
 .comment       0x00000000       0x27 c:/altera/13.0sp1/nios2eds/bin/gnu/h-i686-mingw32/bin/../lib/gcc/nios2-elf/4.1.2/../../../../nios2-elf/lib/mno-hw-mul\libc.a(lib_a-__call_atexit.o)
 .comment       0x00000000       0x27 c:/altera/13.0sp1/nios2eds/bin/gnu/h-i686-mingw32/bin/../lib/gcc/nios2-elf/4.1.2/mno-hw-mul\libgcc.a(lib2-mul.o)
 .comment       0x00000000       0x27 C:/Users/Francisco/Desktop/DE2_70_D5M_NIOS/Eclipse/Software/DE2_70_D5M_bsp/\libhal_bsp.a(alt_exit.o)

.debug
 *(.debug)

.line
 *(.line)

.debug_srcinfo
 *(.debug_srcinfo)

.debug_sfnames
 *(.debug_sfnames)

.debug_aranges  0x00000000      0x538
 *(.debug_aranges)
 .debug_aranges
                0x00000000       0x28 C:/Users/Francisco/Desktop/DE2_70_D5M_NIOS/Eclipse/Software/DE2_70_D5M_bsp//obj/HAL/src/crt0.o
 .debug_aranges
                0x00000028       0x20 obj/default/main.o
 .debug_aranges
                0x00000048       0x20 C:/Users/Francisco/Desktop/DE2_70_D5M_NIOS/Eclipse/Software/DE2_70_D5M_bsp/\libhal_bsp.a(alt_load.o)
 .debug_aranges
                0x00000068       0x20 C:/Users/Francisco/Desktop/DE2_70_D5M_NIOS/Eclipse/Software/DE2_70_D5M_bsp/\libhal_bsp.a(alt_main.o)
 .debug_aranges
                0x00000088       0x20 C:/Users/Francisco/Desktop/DE2_70_D5M_NIOS/Eclipse/Software/DE2_70_D5M_bsp/\libhal_bsp.a(alt_sys_init.o)
 .debug_aranges
                0x000000a8       0x20 C:/Users/Francisco/Desktop/DE2_70_D5M_NIOS/Eclipse/Software/DE2_70_D5M_bsp/\libhal_bsp.a(altera_avalon_jtag_uart_fd.o)
 .debug_aranges
                0x000000c8       0x20 C:/Users/Francisco/Desktop/DE2_70_D5M_NIOS/Eclipse/Software/DE2_70_D5M_bsp/\libhal_bsp.a(altera_avalon_jtag_uart_init.o)
 .debug_aranges
                0x000000e8       0x20 C:/Users/Francisco/Desktop/DE2_70_D5M_NIOS/Eclipse/Software/DE2_70_D5M_bsp/\libhal_bsp.a(altera_avalon_jtag_uart_ioctl.o)
 .debug_aranges
                0x00000108       0x20 C:/Users/Francisco/Desktop/DE2_70_D5M_NIOS/Eclipse/Software/DE2_70_D5M_bsp/\libhal_bsp.a(altera_avalon_jtag_uart_read.o)
 .debug_aranges
                0x00000128       0x20 C:/Users/Francisco/Desktop/DE2_70_D5M_NIOS/Eclipse/Software/DE2_70_D5M_bsp/\libhal_bsp.a(altera_avalon_jtag_uart_write.o)
 .debug_aranges
                0x00000148       0x20 C:/Users/Francisco/Desktop/DE2_70_D5M_NIOS/Eclipse/Software/DE2_70_D5M_bsp/\libhal_bsp.a(alt_alarm_start.o)
 .debug_aranges
                0x00000168       0x20 C:/Users/Francisco/Desktop/DE2_70_D5M_NIOS/Eclipse/Software/DE2_70_D5M_bsp/\libhal_bsp.a(alt_close.o)
 .debug_aranges
                0x00000188       0x20 C:/Users/Francisco/Desktop/DE2_70_D5M_NIOS/Eclipse/Software/DE2_70_D5M_bsp/\libhal_bsp.a(alt_dcache_flush_all.o)
 .debug_aranges
                0x000001a8       0x20 C:/Users/Francisco/Desktop/DE2_70_D5M_NIOS/Eclipse/Software/DE2_70_D5M_bsp/\libhal_bsp.a(alt_dev.o)
 .debug_aranges
                0x000001c8       0x20 C:/Users/Francisco/Desktop/DE2_70_D5M_NIOS/Eclipse/Software/DE2_70_D5M_bsp/\libhal_bsp.a(alt_dev_llist_insert.o)
 .debug_aranges
                0x000001e8       0x20 C:/Users/Francisco/Desktop/DE2_70_D5M_NIOS/Eclipse/Software/DE2_70_D5M_bsp/\libhal_bsp.a(alt_do_ctors.o)
 .debug_aranges
                0x00000208       0x20 C:/Users/Francisco/Desktop/DE2_70_D5M_NIOS/Eclipse/Software/DE2_70_D5M_bsp/\libhal_bsp.a(alt_do_dtors.o)
 .debug_aranges
                0x00000228       0x20 C:/Users/Francisco/Desktop/DE2_70_D5M_NIOS/Eclipse/Software/DE2_70_D5M_bsp/\libhal_bsp.a(alt_icache_flush_all.o)
 .debug_aranges
                0x00000248       0x20 C:/Users/Francisco/Desktop/DE2_70_D5M_NIOS/Eclipse/Software/DE2_70_D5M_bsp/\libhal_bsp.a(alt_iic.o)
 .debug_aranges
                0x00000268       0x20 C:/Users/Francisco/Desktop/DE2_70_D5M_NIOS/Eclipse/Software/DE2_70_D5M_bsp/\libhal_bsp.a(alt_iic_isr_register.o)
 .debug_aranges
                0x00000288       0x20 C:/Users/Francisco/Desktop/DE2_70_D5M_NIOS/Eclipse/Software/DE2_70_D5M_bsp/\libhal_bsp.a(alt_io_redirect.o)
 .debug_aranges
                0x000002a8       0x30 C:/Users/Francisco/Desktop/DE2_70_D5M_NIOS/Eclipse/Software/DE2_70_D5M_bsp/\libhal_bsp.a(alt_irq_entry.o)
 .debug_aranges
                0x000002d8       0x28 C:/Users/Francisco/Desktop/DE2_70_D5M_NIOS/Eclipse/Software/DE2_70_D5M_bsp/\libhal_bsp.a(alt_irq_handler.o)
 .debug_aranges
                0x00000300       0x20 C:/Users/Francisco/Desktop/DE2_70_D5M_NIOS/Eclipse/Software/DE2_70_D5M_bsp/\libhal_bsp.a(alt_open.o)
 .debug_aranges
                0x00000320       0x20 C:/Users/Francisco/Desktop/DE2_70_D5M_NIOS/Eclipse/Software/DE2_70_D5M_bsp/\libhal_bsp.a(alt_release_fd.o)
 .debug_aranges
                0x00000340       0x20 C:/Users/Francisco/Desktop/DE2_70_D5M_NIOS/Eclipse/Software/DE2_70_D5M_bsp/\libhal_bsp.a(alt_tick.o)
 .debug_aranges
                0x00000360       0x20 C:/Users/Francisco/Desktop/DE2_70_D5M_NIOS/Eclipse/Software/DE2_70_D5M_bsp/\libhal_bsp.a(altera_nios2_qsys_irq.o)
 .debug_aranges
                0x00000380       0x38 C:/Users/Francisco/Desktop/DE2_70_D5M_NIOS/Eclipse/Software/DE2_70_D5M_bsp/\libhal_bsp.a(alt_exception_entry.o)
 .debug_aranges
                0x000003b8       0x20 C:/Users/Francisco/Desktop/DE2_70_D5M_NIOS/Eclipse/Software/DE2_70_D5M_bsp/\libhal_bsp.a(alt_find_dev.o)
 .debug_aranges
                0x000003d8       0x20 C:/Users/Francisco/Desktop/DE2_70_D5M_NIOS/Eclipse/Software/DE2_70_D5M_bsp/\libhal_bsp.a(alt_find_file.o)
 .debug_aranges
                0x000003f8       0x20 C:/Users/Francisco/Desktop/DE2_70_D5M_NIOS/Eclipse/Software/DE2_70_D5M_bsp/\libhal_bsp.a(alt_get_fd.o)
 .debug_aranges
                0x00000418       0x20 c:/altera/13.0sp1/nios2eds/bin/gnu/h-i686-mingw32/bin/../lib/gcc/nios2-elf/4.1.2/../../../../nios2-elf/lib/mno-hw-mul\libc.a(lib_a-atexit.o)
 .debug_aranges
                0x00000438       0x20 c:/altera/13.0sp1/nios2eds/bin/gnu/h-i686-mingw32/bin/../lib/gcc/nios2-elf/4.1.2/../../../../nios2-elf/lib/mno-hw-mul\libc.a(lib_a-exit.o)
 .debug_aranges
                0x00000458       0x20 c:/altera/13.0sp1/nios2eds/bin/gnu/h-i686-mingw32/bin/../lib/gcc/nios2-elf/4.1.2/../../../../nios2-elf/lib/mno-hw-mul\libc.a(lib_a-memcmp.o)
 .debug_aranges
                0x00000478       0x20 c:/altera/13.0sp1/nios2eds/bin/gnu/h-i686-mingw32/bin/../lib/gcc/nios2-elf/4.1.2/../../../../nios2-elf/lib/mno-hw-mul\libc.a(lib_a-memcpy.o)
 .debug_aranges
                0x00000498       0x20 c:/altera/13.0sp1/nios2eds/bin/gnu/h-i686-mingw32/bin/../lib/gcc/nios2-elf/4.1.2/../../../../nios2-elf/lib/mno-hw-mul\libc.a(lib_a-strlen.o)
 .debug_aranges
                0x000004b8       0x20 c:/altera/13.0sp1/nios2eds/bin/gnu/h-i686-mingw32/bin/../lib/gcc/nios2-elf/4.1.2/../../../../nios2-elf/lib/mno-hw-mul\libc.a(lib_a-__atexit.o)
 .debug_aranges
                0x000004d8       0x20 c:/altera/13.0sp1/nios2eds/bin/gnu/h-i686-mingw32/bin/../lib/gcc/nios2-elf/4.1.2/../../../../nios2-elf/lib/mno-hw-mul\libc.a(lib_a-__call_atexit.o)
 .debug_aranges
                0x000004f8       0x20 c:/altera/13.0sp1/nios2eds/bin/gnu/h-i686-mingw32/bin/../lib/gcc/nios2-elf/4.1.2/mno-hw-mul\libgcc.a(lib2-mul.o)
 .debug_aranges
                0x00000518       0x20 C:/Users/Francisco/Desktop/DE2_70_D5M_NIOS/Eclipse/Software/DE2_70_D5M_bsp/\libhal_bsp.a(alt_exit.o)

.debug_pubnames
                0x00000000      0x7c5
 *(.debug_pubnames)
 .debug_pubnames
                0x00000000       0x27 obj/default/main.o
 .debug_pubnames
                0x00000027       0x1f C:/Users/Francisco/Desktop/DE2_70_D5M_NIOS/Eclipse/Software/DE2_70_D5M_bsp/\libhal_bsp.a(alt_load.o)
 .debug_pubnames
                0x00000046       0x46 C:/Users/Francisco/Desktop/DE2_70_D5M_NIOS/Eclipse/Software/DE2_70_D5M_bsp/\libhal_bsp.a(alt_main.o)
 .debug_pubnames
                0x0000008c       0x34 C:/Users/Francisco/Desktop/DE2_70_D5M_NIOS/Eclipse/Software/DE2_70_D5M_bsp/\libhal_bsp.a(alt_sys_init.o)
 .debug_pubnames
                0x000000c0       0xa5 C:/Users/Francisco/Desktop/DE2_70_D5M_NIOS/Eclipse/Software/DE2_70_D5M_bsp/\libhal_bsp.a(altera_avalon_jtag_uart_fd.o)
 .debug_pubnames
                0x00000165       0x55 C:/Users/Francisco/Desktop/DE2_70_D5M_NIOS/Eclipse/Software/DE2_70_D5M_bsp/\libhal_bsp.a(altera_avalon_jtag_uart_init.o)
 .debug_pubnames
                0x000001ba       0x34 C:/Users/Francisco/Desktop/DE2_70_D5M_NIOS/Eclipse/Software/DE2_70_D5M_bsp/\libhal_bsp.a(altera_avalon_jtag_uart_ioctl.o)
 .debug_pubnames
                0x000001ee       0x33 C:/Users/Francisco/Desktop/DE2_70_D5M_NIOS/Eclipse/Software/DE2_70_D5M_bsp/\libhal_bsp.a(altera_avalon_jtag_uart_read.o)
 .debug_pubnames
                0x00000221       0x34 C:/Users/Francisco/Desktop/DE2_70_D5M_NIOS/Eclipse/Software/DE2_70_D5M_bsp/\libhal_bsp.a(altera_avalon_jtag_uart_write.o)
 .debug_pubnames
                0x00000255       0x26 C:/Users/Francisco/Desktop/DE2_70_D5M_NIOS/Eclipse/Software/DE2_70_D5M_bsp/\libhal_bsp.a(alt_alarm_start.o)
 .debug_pubnames
                0x0000027b       0x1c C:/Users/Francisco/Desktop/DE2_70_D5M_NIOS/Eclipse/Software/DE2_70_D5M_bsp/\libhal_bsp.a(alt_close.o)
 .debug_pubnames
                0x00000297       0x2b C:/Users/Francisco/Desktop/DE2_70_D5M_NIOS/Eclipse/Software/DE2_70_D5M_bsp/\libhal_bsp.a(alt_dcache_flush_all.o)
 .debug_pubnames
                0x000002c2       0x63 C:/Users/Francisco/Desktop/DE2_70_D5M_NIOS/Eclipse/Software/DE2_70_D5M_bsp/\libhal_bsp.a(alt_dev.o)
 .debug_pubnames
                0x00000325       0x2b C:/Users/Francisco/Desktop/DE2_70_D5M_NIOS/Eclipse/Software/DE2_70_D5M_bsp/\libhal_bsp.a(alt_dev_llist_insert.o)
 .debug_pubnames
                0x00000350       0x20 C:/Users/Francisco/Desktop/DE2_70_D5M_NIOS/Eclipse/Software/DE2_70_D5M_bsp/\libhal_bsp.a(alt_do_ctors.o)
 .debug_pubnames
                0x00000370       0x20 C:/Users/Francisco/Desktop/DE2_70_D5M_NIOS/Eclipse/Software/DE2_70_D5M_bsp/\libhal_bsp.a(alt_do_dtors.o)
 .debug_pubnames
                0x00000390       0x20 C:/Users/Francisco/Desktop/DE2_70_D5M_NIOS/Eclipse/Software/DE2_70_D5M_bsp/\libhal_bsp.a(alt_errno.o)
 .debug_pubnames
                0x000003b0       0x2b C:/Users/Francisco/Desktop/DE2_70_D5M_NIOS/Eclipse/Software/DE2_70_D5M_bsp/\libhal_bsp.a(alt_icache_flush_all.o)
 .debug_pubnames
                0x000003db       0x6e C:/Users/Francisco/Desktop/DE2_70_D5M_NIOS/Eclipse/Software/DE2_70_D5M_bsp/\libhal_bsp.a(alt_iic.o)
 .debug_pubnames
                0x00000449       0x2b C:/Users/Francisco/Desktop/DE2_70_D5M_NIOS/Eclipse/Software/DE2_70_D5M_bsp/\libhal_bsp.a(alt_iic_isr_register.o)
 .debug_pubnames
                0x00000474       0x26 C:/Users/Francisco/Desktop/DE2_70_D5M_NIOS/Eclipse/Software/DE2_70_D5M_bsp/\libhal_bsp.a(alt_io_redirect.o)
 .debug_pubnames
                0x0000049a       0x32 C:/Users/Francisco/Desktop/DE2_70_D5M_NIOS/Eclipse/Software/DE2_70_D5M_bsp/\libhal_bsp.a(alt_irq_handler.o)
 .debug_pubnames
                0x000004cc       0x3b C:/Users/Francisco/Desktop/DE2_70_D5M_NIOS/Eclipse/Software/DE2_70_D5M_bsp/\libhal_bsp.a(alt_irq_vars.o)
 .debug_pubnames
                0x00000507       0x1b C:/Users/Francisco/Desktop/DE2_70_D5M_NIOS/Eclipse/Software/DE2_70_D5M_bsp/\libhal_bsp.a(alt_open.o)
 .debug_pubnames
                0x00000522       0x25 C:/Users/Francisco/Desktop/DE2_70_D5M_NIOS/Eclipse/Software/DE2_70_D5M_bsp/\libhal_bsp.a(alt_release_fd.o)
 .debug_pubnames
                0x00000547       0x68 C:/Users/Francisco/Desktop/DE2_70_D5M_NIOS/Eclipse/Software/DE2_70_D5M_bsp/\libhal_bsp.a(alt_tick.o)
 .debug_pubnames
                0x000005af       0x31 C:/Users/Francisco/Desktop/DE2_70_D5M_NIOS/Eclipse/Software/DE2_70_D5M_bsp/\libhal_bsp.a(altera_nios2_qsys_irq.o)
 .debug_pubnames
                0x000005e0       0x23 C:/Users/Francisco/Desktop/DE2_70_D5M_NIOS/Eclipse/Software/DE2_70_D5M_bsp/\libhal_bsp.a(alt_find_dev.o)
 .debug_pubnames
                0x00000603       0x24 C:/Users/Francisco/Desktop/DE2_70_D5M_NIOS/Eclipse/Software/DE2_70_D5M_bsp/\libhal_bsp.a(alt_find_file.o)
 .debug_pubnames
                0x00000627       0x21 C:/Users/Francisco/Desktop/DE2_70_D5M_NIOS/Eclipse/Software/DE2_70_D5M_bsp/\libhal_bsp.a(alt_get_fd.o)
 .debug_pubnames
                0x00000648       0x2a c:/altera/13.0sp1/nios2eds/bin/gnu/h-i686-mingw32/bin/../lib/gcc/nios2-elf/4.1.2/../../../../nios2-elf/lib/mno-hw-mul\libc.a(lib_a-atexit.o)
 .debug_pubnames
                0x00000672       0x1b c:/altera/13.0sp1/nios2eds/bin/gnu/h-i686-mingw32/bin/../lib/gcc/nios2-elf/4.1.2/../../../../nios2-elf/lib/mno-hw-mul\libc.a(lib_a-exit.o)
 .debug_pubnames
                0x0000068d       0x39 c:/altera/13.0sp1/nios2eds/bin/gnu/h-i686-mingw32/bin/../lib/gcc/nios2-elf/4.1.2/../../../../nios2-elf/lib/mno-hw-mul\libc.a(lib_a-impure.o)
 .debug_pubnames
                0x000006c6       0x1c c:/altera/13.0sp1/nios2eds/bin/gnu/h-i686-mingw32/bin/../lib/gcc/nios2-elf/4.1.2/../../../../nios2-elf/lib/mno-hw-mul\libc.a(lib_a-int_errno.o)
 .debug_pubnames
                0x000006e2       0x1d c:/altera/13.0sp1/nios2eds/bin/gnu/h-i686-mingw32/bin/../lib/gcc/nios2-elf/4.1.2/../../../../nios2-elf/lib/mno-hw-mul\libc.a(lib_a-memcmp.o)
 .debug_pubnames
                0x000006ff       0x1d c:/altera/13.0sp1/nios2eds/bin/gnu/h-i686-mingw32/bin/../lib/gcc/nios2-elf/4.1.2/../../../../nios2-elf/lib/mno-hw-mul\libc.a(lib_a-memcpy.o)
 .debug_pubnames
                0x0000071c       0x1d c:/altera/13.0sp1/nios2eds/bin/gnu/h-i686-mingw32/bin/../lib/gcc/nios2-elf/4.1.2/../../../../nios2-elf/lib/mno-hw-mul\libc.a(lib_a-strlen.o)
 .debug_pubnames
                0x00000739       0x2a c:/altera/13.0sp1/nios2eds/bin/gnu/h-i686-mingw32/bin/../lib/gcc/nios2-elf/4.1.2/../../../../nios2-elf/lib/mno-hw-mul\libc.a(lib_a-__atexit.o)
 .debug_pubnames
                0x00000763       0x27 c:/altera/13.0sp1/nios2eds/bin/gnu/h-i686-mingw32/bin/../lib/gcc/nios2-elf/4.1.2/../../../../nios2-elf/lib/mno-hw-mul\libc.a(lib_a-__call_atexit.o)
 .debug_pubnames
                0x0000078a       0x1f c:/altera/13.0sp1/nios2eds/bin/gnu/h-i686-mingw32/bin/../lib/gcc/nios2-elf/4.1.2/mno-hw-mul\libgcc.a(lib2-mul.o)
 .debug_pubnames
                0x000007a9       0x1c C:/Users/Francisco/Desktop/DE2_70_D5M_NIOS/Eclipse/Software/DE2_70_D5M_bsp/\libhal_bsp.a(alt_exit.o)

.debug_info     0x00000000     0x9f83
 *(.debug_info .gnu.linkonce.wi.*)
 .debug_info    0x00000000       0x7c C:/Users/Francisco/Desktop/DE2_70_D5M_NIOS/Eclipse/Software/DE2_70_D5M_bsp//obj/HAL/src/crt0.o
 .debug_info    0x0000007c      0x168 obj/default/main.o
 .debug_info    0x000001e4      0x28e C:/Users/Francisco/Desktop/DE2_70_D5M_NIOS/Eclipse/Software/DE2_70_D5M_bsp/\libhal_bsp.a(alt_load.o)
 .debug_info    0x00000472      0x226 C:/Users/Francisco/Desktop/DE2_70_D5M_NIOS/Eclipse/Software/DE2_70_D5M_bsp/\libhal_bsp.a(alt_main.o)
 .debug_info    0x00000698      0x863 C:/Users/Francisco/Desktop/DE2_70_D5M_NIOS/Eclipse/Software/DE2_70_D5M_bsp/\libhal_bsp.a(alt_sys_init.o)
 .debug_info    0x00000efb      0x7da C:/Users/Francisco/Desktop/DE2_70_D5M_NIOS/Eclipse/Software/DE2_70_D5M_bsp/\libhal_bsp.a(altera_avalon_jtag_uart_fd.o)
 .debug_info    0x000016d5      0x602 C:/Users/Francisco/Desktop/DE2_70_D5M_NIOS/Eclipse/Software/DE2_70_D5M_bsp/\libhal_bsp.a(altera_avalon_jtag_uart_init.o)
 .debug_info    0x00001cd7      0x444 C:/Users/Francisco/Desktop/DE2_70_D5M_NIOS/Eclipse/Software/DE2_70_D5M_bsp/\libhal_bsp.a(altera_avalon_jtag_uart_ioctl.o)
 .debug_info    0x0000211b      0x547 C:/Users/Francisco/Desktop/DE2_70_D5M_NIOS/Eclipse/Software/DE2_70_D5M_bsp/\libhal_bsp.a(altera_avalon_jtag_uart_read.o)
 .debug_info    0x00002662      0x53f C:/Users/Francisco/Desktop/DE2_70_D5M_NIOS/Eclipse/Software/DE2_70_D5M_bsp/\libhal_bsp.a(altera_avalon_jtag_uart_write.o)
 .debug_info    0x00002ba1      0x443 C:/Users/Francisco/Desktop/DE2_70_D5M_NIOS/Eclipse/Software/DE2_70_D5M_bsp/\libhal_bsp.a(alt_alarm_start.o)
 .debug_info    0x00002fe4      0x468 C:/Users/Francisco/Desktop/DE2_70_D5M_NIOS/Eclipse/Software/DE2_70_D5M_bsp/\libhal_bsp.a(alt_close.o)
 .debug_info    0x0000344c      0x15d C:/Users/Francisco/Desktop/DE2_70_D5M_NIOS/Eclipse/Software/DE2_70_D5M_bsp/\libhal_bsp.a(alt_dcache_flush_all.o)
 .debug_info    0x000035a9      0x680 C:/Users/Francisco/Desktop/DE2_70_D5M_NIOS/Eclipse/Software/DE2_70_D5M_bsp/\libhal_bsp.a(alt_dev.o)
 .debug_info    0x00003c29      0x2b8 C:/Users/Francisco/Desktop/DE2_70_D5M_NIOS/Eclipse/Software/DE2_70_D5M_bsp/\libhal_bsp.a(alt_dev_llist_insert.o)
 .debug_info    0x00003ee1      0x110 C:/Users/Francisco/Desktop/DE2_70_D5M_NIOS/Eclipse/Software/DE2_70_D5M_bsp/\libhal_bsp.a(alt_do_ctors.o)
 .debug_info    0x00003ff1      0x10f C:/Users/Francisco/Desktop/DE2_70_D5M_NIOS/Eclipse/Software/DE2_70_D5M_bsp/\libhal_bsp.a(alt_do_dtors.o)
 .debug_info    0x00004100      0x165 C:/Users/Francisco/Desktop/DE2_70_D5M_NIOS/Eclipse/Software/DE2_70_D5M_bsp/\libhal_bsp.a(alt_errno.o)
 .debug_info    0x00004265      0x15d C:/Users/Francisco/Desktop/DE2_70_D5M_NIOS/Eclipse/Software/DE2_70_D5M_bsp/\libhal_bsp.a(alt_icache_flush_all.o)
 .debug_info    0x000043c2      0x494 C:/Users/Francisco/Desktop/DE2_70_D5M_NIOS/Eclipse/Software/DE2_70_D5M_bsp/\libhal_bsp.a(alt_iic.o)
 .debug_info    0x00004856      0x315 C:/Users/Francisco/Desktop/DE2_70_D5M_NIOS/Eclipse/Software/DE2_70_D5M_bsp/\libhal_bsp.a(alt_iic_isr_register.o)
 .debug_info    0x00004b6b      0x696 C:/Users/Francisco/Desktop/DE2_70_D5M_NIOS/Eclipse/Software/DE2_70_D5M_bsp/\libhal_bsp.a(alt_io_redirect.o)
 .debug_info    0x00005201       0x85 C:/Users/Francisco/Desktop/DE2_70_D5M_NIOS/Eclipse/Software/DE2_70_D5M_bsp/\libhal_bsp.a(alt_irq_entry.o)
 .debug_info    0x00005286      0x276 C:/Users/Francisco/Desktop/DE2_70_D5M_NIOS/Eclipse/Software/DE2_70_D5M_bsp/\libhal_bsp.a(alt_irq_handler.o)
 .debug_info    0x000054fc      0x168 C:/Users/Francisco/Desktop/DE2_70_D5M_NIOS/Eclipse/Software/DE2_70_D5M_bsp/\libhal_bsp.a(alt_irq_vars.o)
 .debug_info    0x00005664      0x526 C:/Users/Francisco/Desktop/DE2_70_D5M_NIOS/Eclipse/Software/DE2_70_D5M_bsp/\libhal_bsp.a(alt_open.o)
 .debug_info    0x00005b8a      0x3f3 C:/Users/Francisco/Desktop/DE2_70_D5M_NIOS/Eclipse/Software/DE2_70_D5M_bsp/\libhal_bsp.a(alt_release_fd.o)
 .debug_info    0x00005f7d      0x3ff C:/Users/Francisco/Desktop/DE2_70_D5M_NIOS/Eclipse/Software/DE2_70_D5M_bsp/\libhal_bsp.a(alt_tick.o)
 .debug_info    0x0000637c      0x164 C:/Users/Francisco/Desktop/DE2_70_D5M_NIOS/Eclipse/Software/DE2_70_D5M_bsp/\libhal_bsp.a(altera_nios2_qsys_irq.o)
 .debug_info    0x000064e0       0x8b C:/Users/Francisco/Desktop/DE2_70_D5M_NIOS/Eclipse/Software/DE2_70_D5M_bsp/\libhal_bsp.a(alt_exception_entry.o)
 .debug_info    0x0000656b      0x419 C:/Users/Francisco/Desktop/DE2_70_D5M_NIOS/Eclipse/Software/DE2_70_D5M_bsp/\libhal_bsp.a(alt_find_dev.o)
 .debug_info    0x00006984      0x420 C:/Users/Francisco/Desktop/DE2_70_D5M_NIOS/Eclipse/Software/DE2_70_D5M_bsp/\libhal_bsp.a(alt_find_file.o)
 .debug_info    0x00006da4      0x461 C:/Users/Francisco/Desktop/DE2_70_D5M_NIOS/Eclipse/Software/DE2_70_D5M_bsp/\libhal_bsp.a(alt_get_fd.o)
 .debug_info    0x00007205      0x181 c:/altera/13.0sp1/nios2eds/bin/gnu/h-i686-mingw32/bin/../lib/gcc/nios2-elf/4.1.2/../../../../nios2-elf/lib/mno-hw-mul\libc.a(lib_a-atexit.o)
 .debug_info    0x00007386      0x93f c:/altera/13.0sp1/nios2eds/bin/gnu/h-i686-mingw32/bin/../lib/gcc/nios2-elf/4.1.2/../../../../nios2-elf/lib/mno-hw-mul\libc.a(lib_a-exit.o)
 .debug_info    0x00007cc5      0x93d c:/altera/13.0sp1/nios2eds/bin/gnu/h-i686-mingw32/bin/../lib/gcc/nios2-elf/4.1.2/../../../../nios2-elf/lib/mno-hw-mul\libc.a(lib_a-impure.o)
 .debug_info    0x00008602       0x8c c:/altera/13.0sp1/nios2eds/bin/gnu/h-i686-mingw32/bin/../lib/gcc/nios2-elf/4.1.2/../../../../nios2-elf/lib/mno-hw-mul\libc.a(lib_a-int_errno.o)
 .debug_info    0x0000868e      0x115 c:/altera/13.0sp1/nios2eds/bin/gnu/h-i686-mingw32/bin/../lib/gcc/nios2-elf/4.1.2/../../../../nios2-elf/lib/mno-hw-mul\libc.a(lib_a-memcmp.o)
 .debug_info    0x000087a3      0x106 c:/altera/13.0sp1/nios2eds/bin/gnu/h-i686-mingw32/bin/../lib/gcc/nios2-elf/4.1.2/../../../../nios2-elf/lib/mno-hw-mul\libc.a(lib_a-memcpy.o)
 .debug_info    0x000088a9       0xdb c:/altera/13.0sp1/nios2eds/bin/gnu/h-i686-mingw32/bin/../lib/gcc/nios2-elf/4.1.2/../../../../nios2-elf/lib/mno-hw-mul\libc.a(lib_a-strlen.o)
 .debug_info    0x00008984      0x99c c:/altera/13.0sp1/nios2eds/bin/gnu/h-i686-mingw32/bin/../lib/gcc/nios2-elf/4.1.2/../../../../nios2-elf/lib/mno-hw-mul\libc.a(lib_a-__atexit.o)
 .debug_info    0x00009320      0x9e2 c:/altera/13.0sp1/nios2eds/bin/gnu/h-i686-mingw32/bin/../lib/gcc/nios2-elf/4.1.2/../../../../nios2-elf/lib/mno-hw-mul\libc.a(lib_a-__call_atexit.o)
 .debug_info    0x00009d02       0xf3 c:/altera/13.0sp1/nios2eds/bin/gnu/h-i686-mingw32/bin/../lib/gcc/nios2-elf/4.1.2/mno-hw-mul\libgcc.a(lib2-mul.o)
 .debug_info    0x00009df5      0x18e C:/Users/Francisco/Desktop/DE2_70_D5M_NIOS/Eclipse/Software/DE2_70_D5M_bsp/\libhal_bsp.a(alt_exit.o)

.debug_abbrev   0x00000000     0x245e
 *(.debug_abbrev)
 .debug_abbrev  0x00000000       0x12 C:/Users/Francisco/Desktop/DE2_70_D5M_NIOS/Eclipse/Software/DE2_70_D5M_bsp//obj/HAL/src/crt0.o
 .debug_abbrev  0x00000012       0x7b obj/default/main.o
 .debug_abbrev  0x0000008d       0x88 C:/Users/Francisco/Desktop/DE2_70_D5M_NIOS/Eclipse/Software/DE2_70_D5M_bsp/\libhal_bsp.a(alt_load.o)
 .debug_abbrev  0x00000115       0xb7 C:/Users/Francisco/Desktop/DE2_70_D5M_NIOS/Eclipse/Software/DE2_70_D5M_bsp/\libhal_bsp.a(alt_main.o)
 .debug_abbrev  0x000001cc      0x152 C:/Users/Francisco/Desktop/DE2_70_D5M_NIOS/Eclipse/Software/DE2_70_D5M_bsp/\libhal_bsp.a(alt_sys_init.o)
 .debug_abbrev  0x0000031e       0xf7 C:/Users/Francisco/Desktop/DE2_70_D5M_NIOS/Eclipse/Software/DE2_70_D5M_bsp/\libhal_bsp.a(altera_avalon_jtag_uart_fd.o)
 .debug_abbrev  0x00000415      0x17c C:/Users/Francisco/Desktop/DE2_70_D5M_NIOS/Eclipse/Software/DE2_70_D5M_bsp/\libhal_bsp.a(altera_avalon_jtag_uart_init.o)
 .debug_abbrev  0x00000591       0xf0 C:/Users/Francisco/Desktop/DE2_70_D5M_NIOS/Eclipse/Software/DE2_70_D5M_bsp/\libhal_bsp.a(altera_avalon_jtag_uart_ioctl.o)
 .debug_abbrev  0x00000681      0x191 C:/Users/Francisco/Desktop/DE2_70_D5M_NIOS/Eclipse/Software/DE2_70_D5M_bsp/\libhal_bsp.a(altera_avalon_jtag_uart_read.o)
 .debug_abbrev  0x00000812      0x18d C:/Users/Francisco/Desktop/DE2_70_D5M_NIOS/Eclipse/Software/DE2_70_D5M_bsp/\libhal_bsp.a(altera_avalon_jtag_uart_write.o)
 .debug_abbrev  0x0000099f      0x172 C:/Users/Francisco/Desktop/DE2_70_D5M_NIOS/Eclipse/Software/DE2_70_D5M_bsp/\libhal_bsp.a(alt_alarm_start.o)
 .debug_abbrev  0x00000b11       0xfb C:/Users/Francisco/Desktop/DE2_70_D5M_NIOS/Eclipse/Software/DE2_70_D5M_bsp/\libhal_bsp.a(alt_close.o)
 .debug_abbrev  0x00000c0c       0x3f C:/Users/Francisco/Desktop/DE2_70_D5M_NIOS/Eclipse/Software/DE2_70_D5M_bsp/\libhal_bsp.a(alt_dcache_flush_all.o)
 .debug_abbrev  0x00000c4b       0xc7 C:/Users/Francisco/Desktop/DE2_70_D5M_NIOS/Eclipse/Software/DE2_70_D5M_bsp/\libhal_bsp.a(alt_dev.o)
 .debug_abbrev  0x00000d12       0xf6 C:/Users/Francisco/Desktop/DE2_70_D5M_NIOS/Eclipse/Software/DE2_70_D5M_bsp/\libhal_bsp.a(alt_dev_llist_insert.o)
 .debug_abbrev  0x00000e08       0x76 C:/Users/Francisco/Desktop/DE2_70_D5M_NIOS/Eclipse/Software/DE2_70_D5M_bsp/\libhal_bsp.a(alt_do_ctors.o)
 .debug_abbrev  0x00000e7e       0x76 C:/Users/Francisco/Desktop/DE2_70_D5M_NIOS/Eclipse/Software/DE2_70_D5M_bsp/\libhal_bsp.a(alt_do_dtors.o)
 .debug_abbrev  0x00000ef4       0x5e C:/Users/Francisco/Desktop/DE2_70_D5M_NIOS/Eclipse/Software/DE2_70_D5M_bsp/\libhal_bsp.a(alt_errno.o)
 .debug_abbrev  0x00000f52       0x3f C:/Users/Francisco/Desktop/DE2_70_D5M_NIOS/Eclipse/Software/DE2_70_D5M_bsp/\libhal_bsp.a(alt_icache_flush_all.o)
 .debug_abbrev  0x00000f91      0x134 C:/Users/Francisco/Desktop/DE2_70_D5M_NIOS/Eclipse/Software/DE2_70_D5M_bsp/\libhal_bsp.a(alt_iic.o)
 .debug_abbrev  0x000010c5      0x14e C:/Users/Francisco/Desktop/DE2_70_D5M_NIOS/Eclipse/Software/DE2_70_D5M_bsp/\libhal_bsp.a(alt_iic_isr_register.o)
 .debug_abbrev  0x00001213       0xf0 C:/Users/Francisco/Desktop/DE2_70_D5M_NIOS/Eclipse/Software/DE2_70_D5M_bsp/\libhal_bsp.a(alt_io_redirect.o)
 .debug_abbrev  0x00001303       0x12 C:/Users/Francisco/Desktop/DE2_70_D5M_NIOS/Eclipse/Software/DE2_70_D5M_bsp/\libhal_bsp.a(alt_irq_entry.o)
 .debug_abbrev  0x00001315      0x10c C:/Users/Francisco/Desktop/DE2_70_D5M_NIOS/Eclipse/Software/DE2_70_D5M_bsp/\libhal_bsp.a(alt_irq_handler.o)
 .debug_abbrev  0x00001421       0x44 C:/Users/Francisco/Desktop/DE2_70_D5M_NIOS/Eclipse/Software/DE2_70_D5M_bsp/\libhal_bsp.a(alt_irq_vars.o)
 .debug_abbrev  0x00001465      0x112 C:/Users/Francisco/Desktop/DE2_70_D5M_NIOS/Eclipse/Software/DE2_70_D5M_bsp/\libhal_bsp.a(alt_open.o)
 .debug_abbrev  0x00001577       0xc1 C:/Users/Francisco/Desktop/DE2_70_D5M_NIOS/Eclipse/Software/DE2_70_D5M_bsp/\libhal_bsp.a(alt_release_fd.o)
 .debug_abbrev  0x00001638      0x150 C:/Users/Francisco/Desktop/DE2_70_D5M_NIOS/Eclipse/Software/DE2_70_D5M_bsp/\libhal_bsp.a(alt_tick.o)
 .debug_abbrev  0x00001788       0x3f C:/Users/Francisco/Desktop/DE2_70_D5M_NIOS/Eclipse/Software/DE2_70_D5M_bsp/\libhal_bsp.a(altera_nios2_qsys_irq.o)
 .debug_abbrev  0x000017c7       0x12 C:/Users/Francisco/Desktop/DE2_70_D5M_NIOS/Eclipse/Software/DE2_70_D5M_bsp/\libhal_bsp.a(alt_exception_entry.o)
 .debug_abbrev  0x000017d9       0xcf C:/Users/Francisco/Desktop/DE2_70_D5M_NIOS/Eclipse/Software/DE2_70_D5M_bsp/\libhal_bsp.a(alt_find_dev.o)
 .debug_abbrev  0x000018a8       0xcf C:/Users/Francisco/Desktop/DE2_70_D5M_NIOS/Eclipse/Software/DE2_70_D5M_bsp/\libhal_bsp.a(alt_find_file.o)
 .debug_abbrev  0x00001977       0xfb C:/Users/Francisco/Desktop/DE2_70_D5M_NIOS/Eclipse/Software/DE2_70_D5M_bsp/\libhal_bsp.a(alt_get_fd.o)
 .debug_abbrev  0x00001a72       0xb7 c:/altera/13.0sp1/nios2eds/bin/gnu/h-i686-mingw32/bin/../lib/gcc/nios2-elf/4.1.2/../../../../nios2-elf/lib/mno-hw-mul\libc.a(lib_a-atexit.o)
 .debug_abbrev  0x00001b29      0x16e c:/altera/13.0sp1/nios2eds/bin/gnu/h-i686-mingw32/bin/../lib/gcc/nios2-elf/4.1.2/../../../../nios2-elf/lib/mno-hw-mul\libc.a(lib_a-exit.o)
 .debug_abbrev  0x00001c97      0x157 c:/altera/13.0sp1/nios2eds/bin/gnu/h-i686-mingw32/bin/../lib/gcc/nios2-elf/4.1.2/../../../../nios2-elf/lib/mno-hw-mul\libc.a(lib_a-impure.o)
 .debug_abbrev  0x00001dee       0x3b c:/altera/13.0sp1/nios2eds/bin/gnu/h-i686-mingw32/bin/../lib/gcc/nios2-elf/4.1.2/../../../../nios2-elf/lib/mno-hw-mul\libc.a(lib_a-int_errno.o)
 .debug_abbrev  0x00001e29       0x7c c:/altera/13.0sp1/nios2eds/bin/gnu/h-i686-mingw32/bin/../lib/gcc/nios2-elf/4.1.2/../../../../nios2-elf/lib/mno-hw-mul\libc.a(lib_a-memcmp.o)
 .debug_abbrev  0x00001ea5       0xb5 c:/altera/13.0sp1/nios2eds/bin/gnu/h-i686-mingw32/bin/../lib/gcc/nios2-elf/4.1.2/../../../../nios2-elf/lib/mno-hw-mul\libc.a(lib_a-memcpy.o)
 .debug_abbrev  0x00001f5a       0x8b c:/altera/13.0sp1/nios2eds/bin/gnu/h-i686-mingw32/bin/../lib/gcc/nios2-elf/4.1.2/../../../../nios2-elf/lib/mno-hw-mul\libc.a(lib_a-strlen.o)
 .debug_abbrev  0x00001fe5      0x1ae c:/altera/13.0sp1/nios2eds/bin/gnu/h-i686-mingw32/bin/../lib/gcc/nios2-elf/4.1.2/../../../../nios2-elf/lib/mno-hw-mul\libc.a(lib_a-__atexit.o)
 .debug_abbrev  0x00002193      0x1de c:/altera/13.0sp1/nios2eds/bin/gnu/h-i686-mingw32/bin/../lib/gcc/nios2-elf/4.1.2/../../../../nios2-elf/lib/mno-hw-mul\libc.a(lib_a-__call_atexit.o)
 .debug_abbrev  0x00002371       0x7b c:/altera/13.0sp1/nios2eds/bin/gnu/h-i686-mingw32/bin/../lib/gcc/nios2-elf/4.1.2/mno-hw-mul\libgcc.a(lib2-mul.o)
 .debug_abbrev  0x000023ec       0x72 C:/Users/Francisco/Desktop/DE2_70_D5M_NIOS/Eclipse/Software/DE2_70_D5M_bsp/\libhal_bsp.a(alt_exit.o)

.debug_line     0x00000000     0x5f59
 *(.debug_line)
 .debug_line    0x00000000       0x66 C:/Users/Francisco/Desktop/DE2_70_D5M_NIOS/Eclipse/Software/DE2_70_D5M_bsp//obj/HAL/src/crt0.o
 .debug_line    0x00000066       0xcb obj/default/main.o
 .debug_line    0x00000131      0x217 C:/Users/Francisco/Desktop/DE2_70_D5M_NIOS/Eclipse/Software/DE2_70_D5M_bsp/\libhal_bsp.a(alt_load.o)
 .debug_line    0x00000348      0x2ca C:/Users/Francisco/Desktop/DE2_70_D5M_NIOS/Eclipse/Software/DE2_70_D5M_bsp/\libhal_bsp.a(alt_main.o)
 .debug_line    0x00000612      0x2db C:/Users/Francisco/Desktop/DE2_70_D5M_NIOS/Eclipse/Software/DE2_70_D5M_bsp/\libhal_bsp.a(alt_sys_init.o)
 .debug_line    0x000008ed      0x217 C:/Users/Francisco/Desktop/DE2_70_D5M_NIOS/Eclipse/Software/DE2_70_D5M_bsp/\libhal_bsp.a(altera_avalon_jtag_uart_fd.o)
 .debug_line    0x00000b04      0x4ab C:/Users/Francisco/Desktop/DE2_70_D5M_NIOS/Eclipse/Software/DE2_70_D5M_bsp/\libhal_bsp.a(altera_avalon_jtag_uart_init.o)
 .debug_line    0x00000faf      0x317 C:/Users/Francisco/Desktop/DE2_70_D5M_NIOS/Eclipse/Software/DE2_70_D5M_bsp/\libhal_bsp.a(altera_avalon_jtag_uart_ioctl.o)
 .debug_line    0x000012c6      0x3f7 C:/Users/Francisco/Desktop/DE2_70_D5M_NIOS/Eclipse/Software/DE2_70_D5M_bsp/\libhal_bsp.a(altera_avalon_jtag_uart_read.o)
 .debug_line    0x000016bd      0x405 C:/Users/Francisco/Desktop/DE2_70_D5M_NIOS/Eclipse/Software/DE2_70_D5M_bsp/\libhal_bsp.a(altera_avalon_jtag_uart_write.o)
 .debug_line    0x00001ac2      0x2dc C:/Users/Francisco/Desktop/DE2_70_D5M_NIOS/Eclipse/Software/DE2_70_D5M_bsp/\libhal_bsp.a(alt_alarm_start.o)
 .debug_line    0x00001d9e      0x299 C:/Users/Francisco/Desktop/DE2_70_D5M_NIOS/Eclipse/Software/DE2_70_D5M_bsp/\libhal_bsp.a(alt_close.o)
 .debug_line    0x00002037      0x1b5 C:/Users/Francisco/Desktop/DE2_70_D5M_NIOS/Eclipse/Software/DE2_70_D5M_bsp/\libhal_bsp.a(alt_dcache_flush_all.o)
 .debug_line    0x000021ec      0x254 C:/Users/Francisco/Desktop/DE2_70_D5M_NIOS/Eclipse/Software/DE2_70_D5M_bsp/\libhal_bsp.a(alt_dev.o)
 .debug_line    0x00002440      0x25a C:/Users/Francisco/Desktop/DE2_70_D5M_NIOS/Eclipse/Software/DE2_70_D5M_bsp/\libhal_bsp.a(alt_dev_llist_insert.o)
 .debug_line    0x0000269a       0x83 C:/Users/Francisco/Desktop/DE2_70_D5M_NIOS/Eclipse/Software/DE2_70_D5M_bsp/\libhal_bsp.a(alt_do_ctors.o)
 .debug_line    0x0000271d       0x83 C:/Users/Francisco/Desktop/DE2_70_D5M_NIOS/Eclipse/Software/DE2_70_D5M_bsp/\libhal_bsp.a(alt_do_dtors.o)
 .debug_line    0x000027a0      0x1aa C:/Users/Francisco/Desktop/DE2_70_D5M_NIOS/Eclipse/Software/DE2_70_D5M_bsp/\libhal_bsp.a(alt_errno.o)
 .debug_line    0x0000294a      0x1b5 C:/Users/Francisco/Desktop/DE2_70_D5M_NIOS/Eclipse/Software/DE2_70_D5M_bsp/\libhal_bsp.a(alt_icache_flush_all.o)
 .debug_line    0x00002aff      0x2c8 C:/Users/Francisco/Desktop/DE2_70_D5M_NIOS/Eclipse/Software/DE2_70_D5M_bsp/\libhal_bsp.a(alt_iic.o)
 .debug_line    0x00002dc7      0x249 C:/Users/Francisco/Desktop/DE2_70_D5M_NIOS/Eclipse/Software/DE2_70_D5M_bsp/\libhal_bsp.a(alt_iic_isr_register.o)
 .debug_line    0x00003010      0x2b4 C:/Users/Francisco/Desktop/DE2_70_D5M_NIOS/Eclipse/Software/DE2_70_D5M_bsp/\libhal_bsp.a(alt_io_redirect.o)
 .debug_line    0x000032c4       0x6b C:/Users/Francisco/Desktop/DE2_70_D5M_NIOS/Eclipse/Software/DE2_70_D5M_bsp/\libhal_bsp.a(alt_irq_entry.o)
 .debug_line    0x0000332f      0x248 C:/Users/Francisco/Desktop/DE2_70_D5M_NIOS/Eclipse/Software/DE2_70_D5M_bsp/\libhal_bsp.a(alt_irq_handler.o)
 .debug_line    0x00003577       0x72 C:/Users/Francisco/Desktop/DE2_70_D5M_NIOS/Eclipse/Software/DE2_70_D5M_bsp/\libhal_bsp.a(alt_irq_vars.o)
 .debug_line    0x000035e9      0x2ff C:/Users/Francisco/Desktop/DE2_70_D5M_NIOS/Eclipse/Software/DE2_70_D5M_bsp/\libhal_bsp.a(alt_open.o)
 .debug_line    0x000038e8       0xed C:/Users/Francisco/Desktop/DE2_70_D5M_NIOS/Eclipse/Software/DE2_70_D5M_bsp/\libhal_bsp.a(alt_release_fd.o)
 .debug_line    0x000039d5      0x2dc C:/Users/Francisco/Desktop/DE2_70_D5M_NIOS/Eclipse/Software/DE2_70_D5M_bsp/\libhal_bsp.a(alt_tick.o)
 .debug_line    0x00003cb1      0x1ce C:/Users/Francisco/Desktop/DE2_70_D5M_NIOS/Eclipse/Software/DE2_70_D5M_bsp/\libhal_bsp.a(altera_nios2_qsys_irq.o)
 .debug_line    0x00003e7f       0xab C:/Users/Francisco/Desktop/DE2_70_D5M_NIOS/Eclipse/Software/DE2_70_D5M_bsp/\libhal_bsp.a(alt_exception_entry.o)
 .debug_line    0x00003f2a      0x26b C:/Users/Francisco/Desktop/DE2_70_D5M_NIOS/Eclipse/Software/DE2_70_D5M_bsp/\libhal_bsp.a(alt_find_dev.o)
 .debug_line    0x00004195      0x27c C:/Users/Francisco/Desktop/DE2_70_D5M_NIOS/Eclipse/Software/DE2_70_D5M_bsp/\libhal_bsp.a(alt_find_file.o)
 .debug_line    0x00004411      0x297 C:/Users/Francisco/Desktop/DE2_70_D5M_NIOS/Eclipse/Software/DE2_70_D5M_bsp/\libhal_bsp.a(alt_get_fd.o)
 .debug_line    0x000046a8      0x203 c:/altera/13.0sp1/nios2eds/bin/gnu/h-i686-mingw32/bin/../lib/gcc/nios2-elf/4.1.2/../../../../nios2-elf/lib/mno-hw-mul\libc.a(lib_a-atexit.o)
 .debug_line    0x000048ab      0x23b c:/altera/13.0sp1/nios2eds/bin/gnu/h-i686-mingw32/bin/../lib/gcc/nios2-elf/4.1.2/../../../../nios2-elf/lib/mno-hw-mul\libc.a(lib_a-exit.o)
 .debug_line    0x00004ae6      0x230 c:/altera/13.0sp1/nios2eds/bin/gnu/h-i686-mingw32/bin/../lib/gcc/nios2-elf/4.1.2/../../../../nios2-elf/lib/mno-hw-mul\libc.a(lib_a-impure.o)
 .debug_line    0x00004d16      0x1e2 c:/altera/13.0sp1/nios2eds/bin/gnu/h-i686-mingw32/bin/../lib/gcc/nios2-elf/4.1.2/../../../../nios2-elf/lib/mno-hw-mul\libc.a(lib_a-int_errno.o)
 .debug_line    0x00004ef8      0x2a2 c:/altera/13.0sp1/nios2eds/bin/gnu/h-i686-mingw32/bin/../lib/gcc/nios2-elf/4.1.2/../../../../nios2-elf/lib/mno-hw-mul\libc.a(lib_a-memcmp.o)
 .debug_line    0x0000519a      0x1af c:/altera/13.0sp1/nios2eds/bin/gnu/h-i686-mingw32/bin/../lib/gcc/nios2-elf/4.1.2/../../../../nios2-elf/lib/mno-hw-mul\libc.a(lib_a-memcpy.o)
 .debug_line    0x00005349      0x270 c:/altera/13.0sp1/nios2eds/bin/gnu/h-i686-mingw32/bin/../lib/gcc/nios2-elf/4.1.2/../../../../nios2-elf/lib/mno-hw-mul\libc.a(lib_a-strlen.o)
 .debug_line    0x000055b9      0x316 c:/altera/13.0sp1/nios2eds/bin/gnu/h-i686-mingw32/bin/../lib/gcc/nios2-elf/4.1.2/../../../../nios2-elf/lib/mno-hw-mul\libc.a(lib_a-__atexit.o)
 .debug_line    0x000058cf      0x36a c:/altera/13.0sp1/nios2eds/bin/gnu/h-i686-mingw32/bin/../lib/gcc/nios2-elf/4.1.2/../../../../nios2-elf/lib/mno-hw-mul\libc.a(lib_a-__call_atexit.o)
 .debug_line    0x00005c39      0x11a c:/altera/13.0sp1/nios2eds/bin/gnu/h-i686-mingw32/bin/../lib/gcc/nios2-elf/4.1.2/mno-hw-mul\libgcc.a(lib2-mul.o)
 .debug_line    0x00005d53      0x206 C:/Users/Francisco/Desktop/DE2_70_D5M_NIOS/Eclipse/Software/DE2_70_D5M_bsp/\libhal_bsp.a(alt_exit.o)

.debug_frame    0x00000000      0x884
 *(.debug_frame)
 .debug_frame   0x00000000       0x48 obj/default/main.o
 .debug_frame   0x00000048       0x48 C:/Users/Francisco/Desktop/DE2_70_D5M_NIOS/Eclipse/Software/DE2_70_D5M_bsp/\libhal_bsp.a(alt_load.o)
 .debug_frame   0x00000090       0x2c C:/Users/Francisco/Desktop/DE2_70_D5M_NIOS/Eclipse/Software/DE2_70_D5M_bsp/\libhal_bsp.a(alt_main.o)
 .debug_frame   0x000000bc       0x64 C:/Users/Francisco/Desktop/DE2_70_D5M_NIOS/Eclipse/Software/DE2_70_D5M_bsp/\libhal_bsp.a(alt_sys_init.o)
 .debug_frame   0x00000120       0x80 C:/Users/Francisco/Desktop/DE2_70_D5M_NIOS/Eclipse/Software/DE2_70_D5M_bsp/\libhal_bsp.a(altera_avalon_jtag_uart_fd.o)
 .debug_frame   0x000001a0       0x80 C:/Users/Francisco/Desktop/DE2_70_D5M_NIOS/Eclipse/Software/DE2_70_D5M_bsp/\libhal_bsp.a(altera_avalon_jtag_uart_init.o)
 .debug_frame   0x00000220       0x2c C:/Users/Francisco/Desktop/DE2_70_D5M_NIOS/Eclipse/Software/DE2_70_D5M_bsp/\libhal_bsp.a(altera_avalon_jtag_uart_ioctl.o)
 .debug_frame   0x0000024c       0x2c C:/Users/Francisco/Desktop/DE2_70_D5M_NIOS/Eclipse/Software/DE2_70_D5M_bsp/\libhal_bsp.a(altera_avalon_jtag_uart_read.o)
 .debug_frame   0x00000278       0x2c C:/Users/Francisco/Desktop/DE2_70_D5M_NIOS/Eclipse/Software/DE2_70_D5M_bsp/\libhal_bsp.a(altera_avalon_jtag_uart_write.o)
 .debug_frame   0x000002a4       0x2c C:/Users/Francisco/Desktop/DE2_70_D5M_NIOS/Eclipse/Software/DE2_70_D5M_bsp/\libhal_bsp.a(alt_alarm_start.o)
 .debug_frame   0x000002d0       0x48 C:/Users/Francisco/Desktop/DE2_70_D5M_NIOS/Eclipse/Software/DE2_70_D5M_bsp/\libhal_bsp.a(alt_close.o)
 .debug_frame   0x00000318       0x2c C:/Users/Francisco/Desktop/DE2_70_D5M_NIOS/Eclipse/Software/DE2_70_D5M_bsp/\libhal_bsp.a(alt_dcache_flush_all.o)
 .debug_frame   0x00000344       0x2c C:/Users/Francisco/Desktop/DE2_70_D5M_NIOS/Eclipse/Software/DE2_70_D5M_bsp/\libhal_bsp.a(alt_dev.o)
 .debug_frame   0x00000370       0x48 C:/Users/Francisco/Desktop/DE2_70_D5M_NIOS/Eclipse/Software/DE2_70_D5M_bsp/\libhal_bsp.a(alt_dev_llist_insert.o)
 .debug_frame   0x000003b8       0x2c C:/Users/Francisco/Desktop/DE2_70_D5M_NIOS/Eclipse/Software/DE2_70_D5M_bsp/\libhal_bsp.a(alt_do_ctors.o)
 .debug_frame   0x000003e4       0x2c C:/Users/Francisco/Desktop/DE2_70_D5M_NIOS/Eclipse/Software/DE2_70_D5M_bsp/\libhal_bsp.a(alt_do_dtors.o)
 .debug_frame   0x00000410       0x2c C:/Users/Francisco/Desktop/DE2_70_D5M_NIOS/Eclipse/Software/DE2_70_D5M_bsp/\libhal_bsp.a(alt_icache_flush_all.o)
 .debug_frame   0x0000043c       0x80 C:/Users/Francisco/Desktop/DE2_70_D5M_NIOS/Eclipse/Software/DE2_70_D5M_bsp/\libhal_bsp.a(alt_iic.o)
 .debug_frame   0x000004bc       0x2c C:/Users/Francisco/Desktop/DE2_70_D5M_NIOS/Eclipse/Software/DE2_70_D5M_bsp/\libhal_bsp.a(alt_iic_isr_register.o)
 .debug_frame   0x000004e8       0x4c C:/Users/Francisco/Desktop/DE2_70_D5M_NIOS/Eclipse/Software/DE2_70_D5M_bsp/\libhal_bsp.a(alt_io_redirect.o)
 .debug_frame   0x00000534       0x2c C:/Users/Francisco/Desktop/DE2_70_D5M_NIOS/Eclipse/Software/DE2_70_D5M_bsp/\libhal_bsp.a(alt_irq_handler.o)
 .debug_frame   0x00000560       0x68 C:/Users/Francisco/Desktop/DE2_70_D5M_NIOS/Eclipse/Software/DE2_70_D5M_bsp/\libhal_bsp.a(alt_open.o)
 .debug_frame   0x000005c8       0x30 C:/Users/Francisco/Desktop/DE2_70_D5M_NIOS/Eclipse/Software/DE2_70_D5M_bsp/\libhal_bsp.a(alt_release_fd.o)
 .debug_frame   0x000005f8       0x48 C:/Users/Francisco/Desktop/DE2_70_D5M_NIOS/Eclipse/Software/DE2_70_D5M_bsp/\libhal_bsp.a(alt_tick.o)
 .debug_frame   0x00000640       0x2c C:/Users/Francisco/Desktop/DE2_70_D5M_NIOS/Eclipse/Software/DE2_70_D5M_bsp/\libhal_bsp.a(altera_nios2_qsys_irq.o)
 .debug_frame   0x0000066c       0x2c C:/Users/Francisco/Desktop/DE2_70_D5M_NIOS/Eclipse/Software/DE2_70_D5M_bsp/\libhal_bsp.a(alt_find_dev.o)
 .debug_frame   0x00000698       0x2c C:/Users/Francisco/Desktop/DE2_70_D5M_NIOS/Eclipse/Software/DE2_70_D5M_bsp/\libhal_bsp.a(alt_find_file.o)
 .debug_frame   0x000006c4       0x30 C:/Users/Francisco/Desktop/DE2_70_D5M_NIOS/Eclipse/Software/DE2_70_D5M_bsp/\libhal_bsp.a(alt_get_fd.o)
 .debug_frame   0x000006f4       0x20 c:/altera/13.0sp1/nios2eds/bin/gnu/h-i686-mingw32/bin/../lib/gcc/nios2-elf/4.1.2/../../../../nios2-elf/lib/mno-hw-mul\libc.a(lib_a-atexit.o)
 .debug_frame   0x00000714       0x28 c:/altera/13.0sp1/nios2eds/bin/gnu/h-i686-mingw32/bin/../lib/gcc/nios2-elf/4.1.2/../../../../nios2-elf/lib/mno-hw-mul\libc.a(lib_a-exit.o)
 .debug_frame   0x0000073c       0x20 c:/altera/13.0sp1/nios2eds/bin/gnu/h-i686-mingw32/bin/../lib/gcc/nios2-elf/4.1.2/../../../../nios2-elf/lib/mno-hw-mul\libc.a(lib_a-memcmp.o)
 .debug_frame   0x0000075c       0x20 c:/altera/13.0sp1/nios2eds/bin/gnu/h-i686-mingw32/bin/../lib/gcc/nios2-elf/4.1.2/../../../../nios2-elf/lib/mno-hw-mul\libc.a(lib_a-memcpy.o)
 .debug_frame   0x0000077c       0x20 c:/altera/13.0sp1/nios2eds/bin/gnu/h-i686-mingw32/bin/../lib/gcc/nios2-elf/4.1.2/../../../../nios2-elf/lib/mno-hw-mul\libc.a(lib_a-strlen.o)
 .debug_frame   0x0000079c       0x34 c:/altera/13.0sp1/nios2eds/bin/gnu/h-i686-mingw32/bin/../lib/gcc/nios2-elf/4.1.2/../../../../nios2-elf/lib/mno-hw-mul\libc.a(lib_a-__atexit.o)
 .debug_frame   0x000007d0       0x4c c:/altera/13.0sp1/nios2eds/bin/gnu/h-i686-mingw32/bin/../lib/gcc/nios2-elf/4.1.2/../../../../nios2-elf/lib/mno-hw-mul\libc.a(lib_a-__call_atexit.o)
 .debug_frame   0x0000081c       0x20 c:/altera/13.0sp1/nios2eds/bin/gnu/h-i686-mingw32/bin/../lib/gcc/nios2-elf/4.1.2/mno-hw-mul\libgcc.a(lib2-mul.o)
 .debug_frame   0x0000083c       0x48 C:/Users/Francisco/Desktop/DE2_70_D5M_NIOS/Eclipse/Software/DE2_70_D5M_bsp/\libhal_bsp.a(alt_exit.o)

.debug_str      0x00000000      0xba5
 *(.debug_str)
 .debug_str     0x00000000       0x12 C:/Users/Francisco/Desktop/DE2_70_D5M_NIOS/Eclipse/Software/DE2_70_D5M_bsp/\libhal_bsp.a(alt_load.o)
 .debug_str     0x00000012       0x12 C:/Users/Francisco/Desktop/DE2_70_D5M_NIOS/Eclipse/Software/DE2_70_D5M_bsp/\libhal_bsp.a(alt_main.o)
 .debug_str     0x00000024       0x2e C:/Users/Francisco/Desktop/DE2_70_D5M_NIOS/Eclipse/Software/DE2_70_D5M_bsp/\libhal_bsp.a(alt_sys_init.o)
 .debug_str     0x00000052       0x12 C:/Users/Francisco/Desktop/DE2_70_D5M_NIOS/Eclipse/Software/DE2_70_D5M_bsp/\libhal_bsp.a(altera_avalon_jtag_uart_fd.o)
 .debug_str     0x00000064       0x1a C:/Users/Francisco/Desktop/DE2_70_D5M_NIOS/Eclipse/Software/DE2_70_D5M_bsp/\libhal_bsp.a(altera_avalon_jtag_uart_init.o)
 .debug_str     0x0000007e       0x12 C:/Users/Francisco/Desktop/DE2_70_D5M_NIOS/Eclipse/Software/DE2_70_D5M_bsp/\libhal_bsp.a(altera_avalon_jtag_uart_ioctl.o)
 .debug_str     0x00000090       0x1a C:/Users/Francisco/Desktop/DE2_70_D5M_NIOS/Eclipse/Software/DE2_70_D5M_bsp/\libhal_bsp.a(altera_avalon_jtag_uart_read.o)
 .debug_str     0x000000aa       0x1a C:/Users/Francisco/Desktop/DE2_70_D5M_NIOS/Eclipse/Software/DE2_70_D5M_bsp/\libhal_bsp.a(altera_avalon_jtag_uart_write.o)
 .debug_str     0x000000c4       0x23 C:/Users/Francisco/Desktop/DE2_70_D5M_NIOS/Eclipse/Software/DE2_70_D5M_bsp/\libhal_bsp.a(alt_alarm_start.o)
 .debug_str     0x000000e7       0x12 C:/Users/Francisco/Desktop/DE2_70_D5M_NIOS/Eclipse/Software/DE2_70_D5M_bsp/\libhal_bsp.a(alt_close.o)
 .debug_str     0x000000f9       0x12 C:/Users/Francisco/Desktop/DE2_70_D5M_NIOS/Eclipse/Software/DE2_70_D5M_bsp/\libhal_bsp.a(alt_dcache_flush_all.o)
 .debug_str     0x0000010b       0x12 C:/Users/Francisco/Desktop/DE2_70_D5M_NIOS/Eclipse/Software/DE2_70_D5M_bsp/\libhal_bsp.a(alt_dev.o)
 .debug_str     0x0000011d       0x12 C:/Users/Francisco/Desktop/DE2_70_D5M_NIOS/Eclipse/Software/DE2_70_D5M_bsp/\libhal_bsp.a(alt_dev_llist_insert.o)
 .debug_str     0x0000012f       0x12 C:/Users/Francisco/Desktop/DE2_70_D5M_NIOS/Eclipse/Software/DE2_70_D5M_bsp/\libhal_bsp.a(alt_errno.o)
 .debug_str     0x00000141       0x12 C:/Users/Francisco/Desktop/DE2_70_D5M_NIOS/Eclipse/Software/DE2_70_D5M_bsp/\libhal_bsp.a(alt_icache_flush_all.o)
 .debug_str     0x00000153       0x18 C:/Users/Francisco/Desktop/DE2_70_D5M_NIOS/Eclipse/Software/DE2_70_D5M_bsp/\libhal_bsp.a(alt_iic.o)
 .debug_str     0x0000016b       0x1a C:/Users/Francisco/Desktop/DE2_70_D5M_NIOS/Eclipse/Software/DE2_70_D5M_bsp/\libhal_bsp.a(alt_iic_isr_register.o)
 .debug_str     0x00000185       0x12 C:/Users/Francisco/Desktop/DE2_70_D5M_NIOS/Eclipse/Software/DE2_70_D5M_bsp/\libhal_bsp.a(alt_io_redirect.o)
 .debug_str     0x00000197       0x12 C:/Users/Francisco/Desktop/DE2_70_D5M_NIOS/Eclipse/Software/DE2_70_D5M_bsp/\libhal_bsp.a(alt_irq_handler.o)
 .debug_str     0x000001a9       0x12 C:/Users/Francisco/Desktop/DE2_70_D5M_NIOS/Eclipse/Software/DE2_70_D5M_bsp/\libhal_bsp.a(alt_open.o)
 .debug_str     0x000001bb       0x1a C:/Users/Francisco/Desktop/DE2_70_D5M_NIOS/Eclipse/Software/DE2_70_D5M_bsp/\libhal_bsp.a(alt_tick.o)
 .debug_str     0x000001d5       0x12 C:/Users/Francisco/Desktop/DE2_70_D5M_NIOS/Eclipse/Software/DE2_70_D5M_bsp/\libhal_bsp.a(altera_nios2_qsys_irq.o)
 .debug_str     0x000001e7       0x12 C:/Users/Francisco/Desktop/DE2_70_D5M_NIOS/Eclipse/Software/DE2_70_D5M_bsp/\libhal_bsp.a(alt_find_dev.o)
 .debug_str     0x000001f9       0x12 C:/Users/Francisco/Desktop/DE2_70_D5M_NIOS/Eclipse/Software/DE2_70_D5M_bsp/\libhal_bsp.a(alt_find_file.o)
 .debug_str     0x0000020b       0x12 C:/Users/Francisco/Desktop/DE2_70_D5M_NIOS/Eclipse/Software/DE2_70_D5M_bsp/\libhal_bsp.a(alt_get_fd.o)
 .debug_str     0x0000021d      0x187 c:/altera/13.0sp1/nios2eds/bin/gnu/h-i686-mingw32/bin/../lib/gcc/nios2-elf/4.1.2/../../../../nios2-elf/lib/mno-hw-mul\libc.a(lib_a-atexit.o)
                                0x1cd (size before relaxing)
 .debug_str     0x000003a4      0x387 c:/altera/13.0sp1/nios2eds/bin/gnu/h-i686-mingw32/bin/../lib/gcc/nios2-elf/4.1.2/../../../../nios2-elf/lib/mno-hw-mul\libc.a(lib_a-exit.o)
                                0x51a (size before relaxing)
 .debug_str     0x0000072b       0xdf c:/altera/13.0sp1/nios2eds/bin/gnu/h-i686-mingw32/bin/../lib/gcc/nios2-elf/4.1.2/../../../../nios2-elf/lib/mno-hw-mul\libc.a(lib_a-impure.o)
                                0x528 (size before relaxing)
 .debug_str     0x0000080a       0x40 c:/altera/13.0sp1/nios2eds/bin/gnu/h-i686-mingw32/bin/../lib/gcc/nios2-elf/4.1.2/../../../../nios2-elf/lib/mno-hw-mul\libc.a(lib_a-int_errno.o)
                                0x171 (size before relaxing)
 .debug_str     0x0000084a       0xe3 c:/altera/13.0sp1/nios2eds/bin/gnu/h-i686-mingw32/bin/../lib/gcc/nios2-elf/4.1.2/../../../../nios2-elf/lib/mno-hw-mul\libc.a(lib_a-memcmp.o)
                                0x178 (size before relaxing)
 .debug_str     0x0000092d       0x6c c:/altera/13.0sp1/nios2eds/bin/gnu/h-i686-mingw32/bin/../lib/gcc/nios2-elf/4.1.2/../../../../nios2-elf/lib/mno-hw-mul\libc.a(lib_a-memcpy.o)
                                0x136 (size before relaxing)
 .debug_str     0x00000999       0x52 c:/altera/13.0sp1/nios2eds/bin/gnu/h-i686-mingw32/bin/../lib/gcc/nios2-elf/4.1.2/../../../../nios2-elf/lib/mno-hw-mul\libc.a(lib_a-strlen.o)
                                0x18b (size before relaxing)
 .debug_str     0x000009eb       0x54 c:/altera/13.0sp1/nios2eds/bin/gnu/h-i686-mingw32/bin/../lib/gcc/nios2-elf/4.1.2/../../../../nios2-elf/lib/mno-hw-mul\libc.a(lib_a-__atexit.o)
                                0x532 (size before relaxing)
 .debug_str     0x00000a3f       0x7e c:/altera/13.0sp1/nios2eds/bin/gnu/h-i686-mingw32/bin/../lib/gcc/nios2-elf/4.1.2/../../../../nios2-elf/lib/mno-hw-mul\libc.a(lib_a-__call_atexit.o)
                                0x55c (size before relaxing)
 .debug_str     0x00000abd       0xcc c:/altera/13.0sp1/nios2eds/bin/gnu/h-i686-mingw32/bin/../lib/gcc/nios2-elf/4.1.2/mno-hw-mul\libgcc.a(lib2-mul.o)
                                0x175 (size before relaxing)
 .debug_str     0x00000b89       0x1c C:/Users/Francisco/Desktop/DE2_70_D5M_NIOS/Eclipse/Software/DE2_70_D5M_bsp/\libhal_bsp.a(alt_exit.o)

.debug_loc      0x00000000      0xdea
 *(.debug_loc)
 .debug_loc     0x00000000       0x56 obj/default/main.o
 .debug_loc     0x00000056       0x56 C:/Users/Francisco/Desktop/DE2_70_D5M_NIOS/Eclipse/Software/DE2_70_D5M_bsp/\libhal_bsp.a(alt_load.o)
 .debug_loc     0x000000ac       0x2b C:/Users/Francisco/Desktop/DE2_70_D5M_NIOS/Eclipse/Software/DE2_70_D5M_bsp/\libhal_bsp.a(alt_main.o)
 .debug_loc     0x000000d7       0x81 C:/Users/Francisco/Desktop/DE2_70_D5M_NIOS/Eclipse/Software/DE2_70_D5M_bsp/\libhal_bsp.a(alt_sys_init.o)
 .debug_loc     0x00000158       0xac C:/Users/Francisco/Desktop/DE2_70_D5M_NIOS/Eclipse/Software/DE2_70_D5M_bsp/\libhal_bsp.a(altera_avalon_jtag_uart_fd.o)
 .debug_loc     0x00000204       0xac C:/Users/Francisco/Desktop/DE2_70_D5M_NIOS/Eclipse/Software/DE2_70_D5M_bsp/\libhal_bsp.a(altera_avalon_jtag_uart_init.o)
 .debug_loc     0x000002b0       0x2b C:/Users/Francisco/Desktop/DE2_70_D5M_NIOS/Eclipse/Software/DE2_70_D5M_bsp/\libhal_bsp.a(altera_avalon_jtag_uart_ioctl.o)
 .debug_loc     0x000002db       0x2b C:/Users/Francisco/Desktop/DE2_70_D5M_NIOS/Eclipse/Software/DE2_70_D5M_bsp/\libhal_bsp.a(altera_avalon_jtag_uart_read.o)
 .debug_loc     0x00000306       0x2b C:/Users/Francisco/Desktop/DE2_70_D5M_NIOS/Eclipse/Software/DE2_70_D5M_bsp/\libhal_bsp.a(altera_avalon_jtag_uart_write.o)
 .debug_loc     0x00000331       0x2b C:/Users/Francisco/Desktop/DE2_70_D5M_NIOS/Eclipse/Software/DE2_70_D5M_bsp/\libhal_bsp.a(alt_alarm_start.o)
 .debug_loc     0x0000035c       0x56 C:/Users/Francisco/Desktop/DE2_70_D5M_NIOS/Eclipse/Software/DE2_70_D5M_bsp/\libhal_bsp.a(alt_close.o)
 .debug_loc     0x000003b2       0x2b C:/Users/Francisco/Desktop/DE2_70_D5M_NIOS/Eclipse/Software/DE2_70_D5M_bsp/\libhal_bsp.a(alt_dcache_flush_all.o)
 .debug_loc     0x000003dd       0x2b C:/Users/Francisco/Desktop/DE2_70_D5M_NIOS/Eclipse/Software/DE2_70_D5M_bsp/\libhal_bsp.a(alt_dev.o)
 .debug_loc     0x00000408       0x56 C:/Users/Francisco/Desktop/DE2_70_D5M_NIOS/Eclipse/Software/DE2_70_D5M_bsp/\libhal_bsp.a(alt_dev_llist_insert.o)
 .debug_loc     0x0000045e       0x2b C:/Users/Francisco/Desktop/DE2_70_D5M_NIOS/Eclipse/Software/DE2_70_D5M_bsp/\libhal_bsp.a(alt_do_ctors.o)
 .debug_loc     0x00000489       0x2b C:/Users/Francisco/Desktop/DE2_70_D5M_NIOS/Eclipse/Software/DE2_70_D5M_bsp/\libhal_bsp.a(alt_do_dtors.o)
 .debug_loc     0x000004b4       0x2b C:/Users/Francisco/Desktop/DE2_70_D5M_NIOS/Eclipse/Software/DE2_70_D5M_bsp/\libhal_bsp.a(alt_icache_flush_all.o)
 .debug_loc     0x000004df       0xac C:/Users/Francisco/Desktop/DE2_70_D5M_NIOS/Eclipse/Software/DE2_70_D5M_bsp/\libhal_bsp.a(alt_iic.o)
 .debug_loc     0x0000058b       0x2b C:/Users/Francisco/Desktop/DE2_70_D5M_NIOS/Eclipse/Software/DE2_70_D5M_bsp/\libhal_bsp.a(alt_iic_isr_register.o)
 .debug_loc     0x000005b6       0x56 C:/Users/Francisco/Desktop/DE2_70_D5M_NIOS/Eclipse/Software/DE2_70_D5M_bsp/\libhal_bsp.a(alt_io_redirect.o)
 .debug_loc     0x0000060c       0x2b C:/Users/Francisco/Desktop/DE2_70_D5M_NIOS/Eclipse/Software/DE2_70_D5M_bsp/\libhal_bsp.a(alt_irq_handler.o)
 .debug_loc     0x00000637       0x81 C:/Users/Francisco/Desktop/DE2_70_D5M_NIOS/Eclipse/Software/DE2_70_D5M_bsp/\libhal_bsp.a(alt_open.o)
 .debug_loc     0x000006b8       0x2b C:/Users/Francisco/Desktop/DE2_70_D5M_NIOS/Eclipse/Software/DE2_70_D5M_bsp/\libhal_bsp.a(alt_release_fd.o)
 .debug_loc     0x000006e3       0x56 C:/Users/Francisco/Desktop/DE2_70_D5M_NIOS/Eclipse/Software/DE2_70_D5M_bsp/\libhal_bsp.a(alt_tick.o)
 .debug_loc     0x00000739       0x2b C:/Users/Francisco/Desktop/DE2_70_D5M_NIOS/Eclipse/Software/DE2_70_D5M_bsp/\libhal_bsp.a(altera_nios2_qsys_irq.o)
 .debug_loc     0x00000764       0x2b C:/Users/Francisco/Desktop/DE2_70_D5M_NIOS/Eclipse/Software/DE2_70_D5M_bsp/\libhal_bsp.a(alt_find_dev.o)
 .debug_loc     0x0000078f       0x2b C:/Users/Francisco/Desktop/DE2_70_D5M_NIOS/Eclipse/Software/DE2_70_D5M_bsp/\libhal_bsp.a(alt_find_file.o)
 .debug_loc     0x000007ba       0x2b C:/Users/Francisco/Desktop/DE2_70_D5M_NIOS/Eclipse/Software/DE2_70_D5M_bsp/\libhal_bsp.a(alt_get_fd.o)
 .debug_loc     0x000007e5       0x1e c:/altera/13.0sp1/nios2eds/bin/gnu/h-i686-mingw32/bin/../lib/gcc/nios2-elf/4.1.2/../../../../nios2-elf/lib/mno-hw-mul\libc.a(lib_a-atexit.o)
 .debug_loc     0x00000803       0x3d c:/altera/13.0sp1/nios2eds/bin/gnu/h-i686-mingw32/bin/../lib/gcc/nios2-elf/4.1.2/../../../../nios2-elf/lib/mno-hw-mul\libc.a(lib_a-exit.o)
 .debug_loc     0x00000840      0x114 c:/altera/13.0sp1/nios2eds/bin/gnu/h-i686-mingw32/bin/../lib/gcc/nios2-elf/4.1.2/../../../../nios2-elf/lib/mno-hw-mul\libc.a(lib_a-memcmp.o)
 .debug_loc     0x00000954       0xca c:/altera/13.0sp1/nios2eds/bin/gnu/h-i686-mingw32/bin/../lib/gcc/nios2-elf/4.1.2/../../../../nios2-elf/lib/mno-hw-mul\libc.a(lib_a-memcpy.o)
 .debug_loc     0x00000a1e       0x3c c:/altera/13.0sp1/nios2eds/bin/gnu/h-i686-mingw32/bin/../lib/gcc/nios2-elf/4.1.2/../../../../nios2-elf/lib/mno-hw-mul\libc.a(lib_a-strlen.o)
 .debug_loc     0x00000a5a      0x120 c:/altera/13.0sp1/nios2eds/bin/gnu/h-i686-mingw32/bin/../lib/gcc/nios2-elf/4.1.2/../../../../nios2-elf/lib/mno-hw-mul\libc.a(lib_a-__atexit.o)
 .debug_loc     0x00000b7a      0x1cb c:/altera/13.0sp1/nios2eds/bin/gnu/h-i686-mingw32/bin/../lib/gcc/nios2-elf/4.1.2/../../../../nios2-elf/lib/mno-hw-mul\libc.a(lib_a-__call_atexit.o)
 .debug_loc     0x00000d45       0x4f c:/altera/13.0sp1/nios2eds/bin/gnu/h-i686-mingw32/bin/../lib/gcc/nios2-elf/4.1.2/mno-hw-mul\libgcc.a(lib2-mul.o)
 .debug_loc     0x00000d94       0x56 C:/Users/Francisco/Desktop/DE2_70_D5M_NIOS/Eclipse/Software/DE2_70_D5M_bsp/\libhal_bsp.a(alt_exit.o)

.debug_macinfo
 *(.debug_macinfo)

.debug_weaknames
 *(.debug_weaknames)

.debug_funcnames
 *(.debug_funcnames)
